Archive member included to satisfy reference by file (symbol)

e:/rp2040/gcc-arm-none-eabi/bin/../lib/gcc/arm-none-eabi/10.3.1/thumb/v6-m/nofp\libgcc.a(_thumb1_case_uqi.o)
                              uMIPS/CMakeFiles/pico-uMIPS.dir/emulator/dz11.c.obj (__gnu_thumb1_case_uqi)
e:/rp2040/gcc-arm-none-eabi/bin/../lib/gcc/arm-none-eabi/10.3.1/thumb/v6-m/nofp\libgcc.a(_dvmd_tls.o)
                              uMIPS/CMakeFiles/pico-uMIPS.dir/E_/rp2040/pico-sdk/src/rp2_common/pico_divider/divider.S.obj (__aeabi_idiv0)
e:/rp2040/gcc-arm-none-eabi/bin/../lib/gcc/arm-none-eabi/10.3.1/../../../../arm-none-eabi/lib/thumb/v6-m/nofp\libg.a(lib_a-calloc.o)
                              uMIPS/CMakeFiles/pico-uMIPS.dir/E_/rp2040/pico-sdk/src/rp2_common/pico_malloc/pico_malloc.c.obj (calloc)
e:/rp2040/gcc-arm-none-eabi/bin/../lib/gcc/arm-none-eabi/10.3.1/../../../../arm-none-eabi/lib/thumb/v6-m/nofp\libg.a(lib_a-callocr.o)
                              e:/rp2040/gcc-arm-none-eabi/bin/../lib/gcc/arm-none-eabi/10.3.1/../../../../arm-none-eabi/lib/thumb/v6-m/nofp\libg.a(lib_a-calloc.o) (_calloc_r)
e:/rp2040/gcc-arm-none-eabi/bin/../lib/gcc/arm-none-eabi/10.3.1/../../../../arm-none-eabi/lib/thumb/v6-m/nofp\libg.a(lib_a-errno.o)
                              uMIPS/CMakeFiles/pico-uMIPS.dir/__/no-OS-FatFS-SD-SPI-RPi-Pico/src/source/ff_stdio.c.obj (__errno)
e:/rp2040/gcc-arm-none-eabi/bin/../lib/gcc/arm-none-eabi/10.3.1/../../../../arm-none-eabi/lib/thumb/v6-m/nofp\libg.a(lib_a-fprintf.o)
                              uMIPS/CMakeFiles/pico-uMIPS.dir/emulator/cpu.c.obj (fprintf)
e:/rp2040/gcc-arm-none-eabi/bin/../lib/gcc/arm-none-eabi/10.3.1/../../../../arm-none-eabi/lib/thumb/v6-m/nofp\libg.a(lib_a-fwrite.o)
                              uMIPS/CMakeFiles/pico-uMIPS.dir/emulator/cpu.c.obj (fwrite)
e:/rp2040/gcc-arm-none-eabi/bin/../lib/gcc/arm-none-eabi/10.3.1/../../../../arm-none-eabi/lib/thumb/v6-m/nofp\libg.a(lib_a-impure.o)
                              uMIPS/CMakeFiles/pico-uMIPS.dir/emulator/cpu.c.obj (_impure_ptr)
e:/rp2040/gcc-arm-none-eabi/bin/../lib/gcc/arm-none-eabi/10.3.1/../../../../arm-none-eabi/lib/thumb/v6-m/nofp\libg.a(lib_a-init.o)
                              e:/rp2040/gcc-arm-none-eabi/bin/../lib/gcc/arm-none-eabi/10.3.1/../../../../arm-none-eabi/lib/thumb/v6-m/nofp/crt0.o (__libc_init_array)
e:/rp2040/gcc-arm-none-eabi/bin/../lib/gcc/arm-none-eabi/10.3.1/../../../../arm-none-eabi/lib/thumb/v6-m/nofp\libg.a(lib_a-lock.o)
                              e:/rp2040/gcc-arm-none-eabi/bin/../lib/gcc/arm-none-eabi/10.3.1/../../../../arm-none-eabi/lib/thumb/v6-m/nofp\libg.a(lib_a-fwrite.o) (__retarget_lock_acquire_recursive)
e:/rp2040/gcc-arm-none-eabi/bin/../lib/gcc/arm-none-eabi/10.3.1/../../../../arm-none-eabi/lib/thumb/v6-m/nofp\libg.a(lib_a-malloc.o)
                              uMIPS/CMakeFiles/pico-uMIPS.dir/E_/rp2040/pico-sdk/src/rp2_common/pico_malloc/pico_malloc.c.obj (malloc)
e:/rp2040/gcc-arm-none-eabi/bin/../lib/gcc/arm-none-eabi/10.3.1/../../../../arm-none-eabi/lib/thumb/v6-m/nofp\libg.a(lib_a-mallocr.o)
                              e:/rp2040/gcc-arm-none-eabi/bin/../lib/gcc/arm-none-eabi/10.3.1/../../../../arm-none-eabi/lib/thumb/v6-m/nofp\libg.a(lib_a-callocr.o) (_malloc_r)
e:/rp2040/gcc-arm-none-eabi/bin/../lib/gcc/arm-none-eabi/10.3.1/../../../../arm-none-eabi/lib/thumb/v6-m/nofp\libg.a(lib_a-memcmp.o)
                              uMIPS/CMakeFiles/pico-uMIPS.dir/__/no-OS-FatFS-SD-SPI-RPi-Pico/src/ff15/source/ff.c.obj (memcmp)
e:/rp2040/gcc-arm-none-eabi/bin/../lib/gcc/arm-none-eabi/10.3.1/../../../../arm-none-eabi/lib/thumb/v6-m/nofp\libg.a(lib_a-mktime.o)
                              uMIPS/CMakeFiles/pico-uMIPS.dir/__/no-OS-FatFS-SD-SPI-RPi-Pico/src/source/rtc.c.obj (mktime)
e:/rp2040/gcc-arm-none-eabi/bin/../lib/gcc/arm-none-eabi/10.3.1/../../../../arm-none-eabi/lib/thumb/v6-m/nofp\libg.a(lib_a-mlock.o)
                              e:/rp2040/gcc-arm-none-eabi/bin/../lib/gcc/arm-none-eabi/10.3.1/../../../../arm-none-eabi/lib/thumb/v6-m/nofp\libg.a(lib_a-mallocr.o) (__malloc_lock)
e:/rp2040/gcc-arm-none-eabi/bin/../lib/gcc/arm-none-eabi/10.3.1/../../../../arm-none-eabi/lib/thumb/v6-m/nofp\libg.a(lib_a-realloc.o)
                              uMIPS/CMakeFiles/pico-uMIPS.dir/E_/rp2040/pico-sdk/src/rp2_common/pico_malloc/pico_malloc.c.obj (realloc)
e:/rp2040/gcc-arm-none-eabi/bin/../lib/gcc/arm-none-eabi/10.3.1/../../../../arm-none-eabi/lib/thumb/v6-m/nofp\libg.a(lib_a-reallocr.o)
                              e:/rp2040/gcc-arm-none-eabi/bin/../lib/gcc/arm-none-eabi/10.3.1/../../../../arm-none-eabi/lib/thumb/v6-m/nofp\libg.a(lib_a-realloc.o) (_realloc_r)
e:/rp2040/gcc-arm-none-eabi/bin/../lib/gcc/arm-none-eabi/10.3.1/../../../../arm-none-eabi/lib/thumb/v6-m/nofp\libg.a(lib_a-sbrkr.o)
                              e:/rp2040/gcc-arm-none-eabi/bin/../lib/gcc/arm-none-eabi/10.3.1/../../../../arm-none-eabi/lib/thumb/v6-m/nofp\libg.a(lib_a-mallocr.o) (_sbrk_r)
[...]
Memory Configuration

Name             Origin             Length             Attributes
FLASH            0x10000000         0x00200000         xr
RAM              0x20000000         0x00040000         xrw
SCRATCH_X        0x20040000         0x00001000         xrw
SCRATCH_Y        0x20041000         0x00001000         xrw
*default*        0x00000000         0xffffffff

Linker script and memory map

LOAD e:/rp2040/gcc-arm-none-eabi/bin/../lib/gcc/arm-none-eabi/10.3.1/thumb/v6-m/nofp/crti.o
LOAD e:/rp2040/gcc-arm-none-eabi/bin/../lib/gcc/arm-none-eabi/10.3.1/thumb/v6-m/nofp/crtbegin.o
LOAD e:/rp2040/gcc-arm-none-eabi/bin/../lib/gcc/arm-none-eabi/10.3.1/../../../../arm-none-eabi/lib/thumb/v6-m/nofp/crt0.o

.flash_begin    0x10000000        0x0
                0x10000000                __flash_binary_start = .

.boot2          0x10000000      0x100
                0x10000000                __boot2_start__ = .
 *(.boot2)
 .boot2         0x10000000      0x100 C:\Users\elect\AppData\Local\Temp\ccSWiyNd.o
                0x10000100                __boot2_end__ = .
                0x00000001                ASSERT (((__boot2_end__ - __boot2_start__) == 0x100), ERROR: Pico second stage bootloader must be 256 bytes in size)

.flashtext      0x10000100      0x1d8
                0x10000100                __logical_binary_start = .
 *(.vectors)
 .vectors       0x10000100       0xd4 uMIPS/CMakeFiles/pico-uMIPS.dir/E_/rp2040/pico-sdk/src/rp2_common/pico_standard_link/crt0.S.obj
                0x10000100                __vectors
                0x10000100                __VECTOR_TABLE
                0x100001c0                isr_invalid
                0x100001c0                __default_isrs_start
                0x100001c2                NMI_Handler
                0x100001c4                HardFault_Handler
                0x100001c6                SVC_Handler
                0x100001c8                PendSV_Handler
                0x100001ca                SysTick_Handler
                0x100001cc                IO_IRQ_BANK0_Handler
                0x100001cc                PIO0_IRQ_0_Handler
                0x100001cc                USBCTRL_IRQ_Handler
                0x100001cc                SPI1_IRQ_Handler
                0x100001cc                isr_irq27
                0x100001cc                isr_irq31
                0x100001cc                PIO1_IRQ_1_Handler
                0x100001cc                DMA_IRQ_1_Handler
                0x100001cc                __unhandled_user_irq
                0x100001cc                SPI0_IRQ_Handler
                0x100001cc                isr_irq28
                0x100001cc                UART0_IRQ_Handler
                0x100001cc                __default_isrs_end
                0x100001cc                PIO0_IRQ_1_Handler
                0x100001cc                I2C0_IRQ_Handler
                0x100001cc                SIO_IRQ_PROC1_Handler
                0x100001cc                TIMER_IRQ_0_Handler
                0x100001cc                isr_irq30
                0x100001cc                UART1_IRQ_Handler
                0x100001cc                TIMER_IRQ_3_Handler
                0x100001cc                DMA_IRQ_0_Handler
                0x100001cc                RTC_IRQ_Handler
                0x100001cc                TIMER_IRQ_2_Handler
                0x100001cc                CLOCKS_IRQ_Handler
                0x100001cc                PIO1_IRQ_0_Handler
                0x100001cc                I2C1_IRQ_Handler
                0x100001cc                ADC_IRQ_FIFO_Handler
                0x100001cc                IO_IRQ_QSPI_Handler
                0x100001cc                SIO_IRQ_PROC0_Handler
                0x100001cc                TIMER_IRQ_1_Handler
                0x100001cc                XIP_IRQ_Handler
                0x100001cc                isr_irq29
                0x100001cc                isr_irq26
                0x100001cc                PWM_IRQ_WRAP_Handler
                0x100001d2                unhandled_user_irq_num_in_r0
 *(.binary_info_header)
 .binary_info_header
                0x100001d4       0x14 uMIPS/CMakeFiles/pico-uMIPS.dir/E_/rp2040/pico-sdk/src/rp2_common/pico_standard_link/crt0.S.obj
                0x100001e8                __binary_info_header_end = .
 *(.reset)
 .reset         0x100001e8       0xac uMIPS/CMakeFiles/pico-uMIPS.dir/E_/rp2040/pico-sdk/src/rp2_common/pico_standard_link/crt0.S.obj
                0x100001e8                _entry_point
 *fill*         0x10000294        0x4 
 .reset.__stub  0x10000298       0x10 linker stubs
 .reset         0x100002a8       0x30 uMIPS/CMakeFiles/pico-uMIPS.dir/E_/rp2040/pico-sdk/src/rp2_common/pico_standard_link/binary_info.c.obj

.rodata         0x100002d8        0x0
 *(SORT_BY_ALIGNMENT(SORT_BY_NAME(.flashdata*)))
                0x100002d8                . = ALIGN (0x4)

.ARM.extab
 *(.ARM.extab* .gnu.linkonce.armextab.*)
                0x100002d8                __exidx_start = .

.ARM.exidx
 *(.ARM.exidx* .gnu.linkonce.armexidx.*)
                0x100002d8                __exidx_end = .
                0x100002d8                . = ALIGN (0x4)
                0x100002d8                __binary_info_start = .

.binary_info    0x100002d8       0x1c
 *(.binary_info.keep.*)
 .binary_info.keep.__bi_ptr22
                0x100002d8        0x4 uMIPS/CMakeFiles/pico-uMIPS.dir/E_/rp2040/pico-sdk/src/rp2_common/pico_standard_link/binary_info.c.obj
 .binary_info.keep.__bi_ptr30
                0x100002dc        0x4 uMIPS/CMakeFiles/pico-uMIPS.dir/E_/rp2040/pico-sdk/src/rp2_common/pico_standard_link/binary_info.c.obj
 .binary_info.keep.__bi_ptr38
                0x100002e0        0x4 uMIPS/CMakeFiles/pico-uMIPS.dir/E_/rp2040/pico-sdk/src/rp2_common/pico_standard_link/binary_info.c.obj
 .binary_info.keep.__bi_ptr44
                0x100002e4        0x4 uMIPS/CMakeFiles/pico-uMIPS.dir/E_/rp2040/pico-sdk/src/rp2_common/pico_standard_link/binary_info.c.obj
 .binary_info.keep.__bi_ptr50
                0x100002e8        0x4 uMIPS/CMakeFiles/pico-uMIPS.dir/E_/rp2040/pico-sdk/src/rp2_common/pico_standard_link/binary_info.c.obj
 .binary_info.keep.__bi_ptr75
                0x100002ec        0x4 uMIPS/CMakeFiles/pico-uMIPS.dir/E_/rp2040/pico-sdk/src/rp2_common/pico_standard_link/binary_info.c.obj
 .binary_info.keep.__bi_ptr81
                0x100002f0        0x4 uMIPS/CMakeFiles/pico-uMIPS.dir/E_/rp2040/pico-sdk/src/rp2_common/pico_standard_link/binary_info.c.obj
 *(.binary_info.*)
                0x100002f4                __binary_info_end = .
                0x100002f4                . = ALIGN (0x4)

.ram_vector_table
                0x20000000       0xc0
 *(.ram_vector_table)
 .ram_vector_table
                0x20000000       0xc0 uMIPS/CMakeFiles/pico-uMIPS.dir/E_/rp2040/pico-sdk/src/rp2_common/pico_runtime/runtime.c.obj
                0x20000000                ram_vector_table

.text           0x200000c0    0x15828 load address 0x100002f4
                0x200000c0                __ram_text_start__ = .
 *(.init)
 .init          0x200000c0        0x4 e:/rp2040/gcc-arm-none-eabi/bin/../lib/gcc/arm-none-eabi/10.3.1/thumb/v6-m/nofp/crti.o
                0x200000c0                _init
 *(.text*)
 .text          0x200000c4       0x48 e:/rp2040/gcc-arm-none-eabi/bin/../lib/gcc/arm-none-eabi/10.3.1/thumb/v6-m/nofp/crtbegin.o
 .text.core1_entry
                0x2000010c       0x34 uMIPS/CMakeFiles/pico-uMIPS.dir/main.c.obj
                0x2000010c                core1_entry
 .text.gset_sys_clock_pll
                0x20000140       0x78 uMIPS/CMakeFiles/pico-uMIPS.dir/main.c.obj
                0x20000140                gset_sys_clock_pll
 .text.main     0x200001b8       0x70 uMIPS/CMakeFiles/pico-uMIPS.dir/main.c.obj
                0x200001b8                main
 .text.spi_tx_array
                0x20000228       0x4c uMIPS/CMakeFiles/pico-uMIPS.dir/psram/psram.c.obj
                0x20000228                spi_tx_array
 .text.spi_rx_array
                0x20000274       0x3e uMIPS/CMakeFiles/pico-uMIPS.dir/psram/psram.c.obj
                0x20000274                spi_rx_array
 .text.sendPsramCommand
                0x200002b2       0x32 uMIPS/CMakeFiles/pico-uMIPS.dir/psram/psram.c.obj
                0x200002b2                sendPsramCommand
 .text.psramReset
                0x200002e4       0x1c uMIPS/CMakeFiles/pico-uMIPS.dir/psram/psram.c.obj
                0x200002e4                psramReset
 .text.psramReadID
                0x20000300       0x2a uMIPS/CMakeFiles/pico-uMIPS.dir/psram/psram.c.obj
                0x20000300                psramReadID
 *fill*         0x2000032a        0x2 
 .text.initPSRAM
                0x2000032c      0x100 uMIPS/CMakeFiles/pico-uMIPS.dir/psram/psram.c.obj
                0x2000032c                initPSRAM
 .text.accessPSRAM
                0x2000042c       0x1a uMIPS/CMakeFiles/pico-uMIPS.dir/psram/psram.c.obj
                0x2000042c                accessPSRAM
 *fill*         0x20000446        0x2 
 .text.__accessPSRAM
                0x20000448       0xb8 uMIPS/CMakeFiles/pico-uMIPS.dir/psram/psram.c.obj
                0x20000448                __accessPSRAM
 .text.cache_write
                0x20000500      0x158 uMIPS/CMakeFiles/pico-uMIPS.dir/cache/cache.c.obj
                0x20000500                cache_write
 .text.cache_read
                0x20000658      0x140 uMIPS/CMakeFiles/pico-uMIPS.dir/cache/cache.c.obj
                0x20000658                cache_read
 .text.console_init
                0x20000798       0x4c uMIPS/CMakeFiles/pico-uMIPS.dir/console/console.c.obj
                0x20000798                console_init
 .text.ser_console_task
                0x200007e4       0xe0 uMIPS/CMakeFiles/pico-uMIPS.dir/console/console.c.obj
                0x200007e4                ser_console_task
 .text.console_task
                0x200008c4        0x8 uMIPS/CMakeFiles/pico-uMIPS.dir/console/console.c.obj
                0x200008c4                console_task
 .text.console_putc
                0x200008cc       0x18 uMIPS/CMakeFiles/pico-uMIPS.dir/console/console.c.obj
                0x200008cc                console_putc
 .text.console_puts
                0x200008e4       0x20 uMIPS/CMakeFiles/pico-uMIPS.dir/console/console.c.obj
                0x200008e4                console_puts
 .text.console_printf
                0x20000904       0x28 uMIPS/CMakeFiles/pico-uMIPS.dir/console/console.c.obj
                0x20000904                console_printf
 .text.console_panic
                0x2000092c       0x2c uMIPS/CMakeFiles/pico-uMIPS.dir/console/console.c.obj
                0x2000092c                console_panic
 .text.sd_get_num
                0x20000958        0x4 uMIPS/CMakeFiles/pico-uMIPS.dir/config/sd_hw_config.c.obj
                0x20000958                sd_get_num
 .text.sd_get_by_num
                0x2000095c       0x24 uMIPS/CMakeFiles/pico-uMIPS.dir/config/sd_hw_config.c.obj
                0x2000095c                sd_get_by_num
 .text.spi_get_num
                0x20000980        0x4 uMIPS/CMakeFiles/pico-uMIPS.dir/config/sd_hw_config.c.obj
                0x20000980                spi_get_num
 .text.spi_get_by_num
                0x20000984       0x1c uMIPS/CMakeFiles/pico-uMIPS.dir/config/sd_hw_config.c.obj
                0x20000984                spi_get_by_num
 .text.cpuPrvIrqsPending
                0x200009a0       0x20 uMIPS/CMakeFiles/pico-uMIPS.dir/emulator/cpu.c.obj
 .text.cpuPrvTakeException
                0x200009c0       0xa8 uMIPS/CMakeFiles/pico-uMIPS.dir/emulator/cpu.c.obj
 .text.cpuPrvTlbHashRemove
                0x20000a68       0x80 uMIPS/CMakeFiles/pico-uMIPS.dir/emulator/cpu.c.obj
 .text.cpuPrvTlbHashAdd
                0x20000ae8       0x54 uMIPS/CMakeFiles/pico-uMIPS.dir/emulator/cpu.c.obj
 .text.cpuPrvTlbHashSearch
                0x20000b3c       0x74 uMIPS/CMakeFiles/pico-uMIPS.dir/emulator/cpu.c.obj
 .text.cpuPrvRefreshRandom
                0x20000bb0       0x30 uMIPS/CMakeFiles/pico-uMIPS.dir/emulator/cpu.c.obj
 .text.cpuPrvTlbp
                0x20000be0       0x30 uMIPS/CMakeFiles/pico-uMIPS.dir/emulator/cpu.c.obj
 .text.cpuPrvIsInKernelMode
                0x20000c10       0x18 uMIPS/CMakeFiles/pico-uMIPS.dir/emulator/cpu.c.obj
 .text.cpuPrvCopAccess
                0x20000c28       0x4c uMIPS/CMakeFiles/pico-uMIPS.dir/emulator/cpu.c.obj
 .text.cpuPrvNoBranchTaken
                0x20000c74       0x20 uMIPS/CMakeFiles/pico-uMIPS.dir/emulator/cpu.c.obj
 .text.cpuPrvBranchTo
                0x20000c94       0x20 uMIPS/CMakeFiles/pico-uMIPS.dir/emulator/cpu.c.obj
 .text.cpuPrvSkipNextInstr
                0x20000cb4       0x24 uMIPS/CMakeFiles/pico-uMIPS.dir/emulator/cpu.c.obj
 .text.cpuPrvMemTranslate
                0x20000cd8      0x17c uMIPS/CMakeFiles/pico-uMIPS.dir/emulator/cpu.c.obj
 .text.cpuIrq   0x20000e54       0x30 uMIPS/CMakeFiles/pico-uMIPS.dir/emulator/cpu.c.obj
                0x20000e54                cpuIrq
 .text.cpuGetRegExternal
                0x20000e84       0x68 uMIPS/CMakeFiles/pico-uMIPS.dir/emulator/cpu.c.obj
                0x20000e84                cpuGetRegExternal
 .text.cpuSetRegExternal
                0x20000eec       0x78 uMIPS/CMakeFiles/pico-uMIPS.dir/emulator/cpu.c.obj
                0x20000eec                cpuSetRegExternal
 .text.cpuPrvIcacheFlushEntire
                0x20000f64       0x14 uMIPS/CMakeFiles/pico-uMIPS.dir/emulator/cpu.c.obj
 .text.cpuPrvMaybeAsidChanded
                0x20000f78       0x20 uMIPS/CMakeFiles/pico-uMIPS.dir/emulator/cpu.c.obj
 .text.cpuPrvTlbr
                0x20000f98       0x4c uMIPS/CMakeFiles/pico-uMIPS.dir/emulator/cpu.c.obj
 .text.cpuPrvTlbWrite
                0x20000fe4       0x50 uMIPS/CMakeFiles/pico-uMIPS.dir/emulator/cpu.c.obj
 .text.cpuPrvTlbwi
                0x20001034       0x18 uMIPS/CMakeFiles/pico-uMIPS.dir/emulator/cpu.c.obj
 .text.cpuPrvTlbwr
                0x2000104c        0xc uMIPS/CMakeFiles/pico-uMIPS.dir/emulator/cpu.c.obj
 .text.cpuPrvDataAccess
                0x20001058       0xf4 uMIPS/CMakeFiles/pico-uMIPS.dir/emulator/cpu.c.obj
 .text.cpuPrvInstrFetchCached
                0x2000114c       0xdc uMIPS/CMakeFiles/pico-uMIPS.dir/emulator/cpu.c.obj
 .text.cpuCycle
                0x20001228     0x1170 uMIPS/CMakeFiles/pico-uMIPS.dir/emulator/cpu.c.obj
                0x20001228                cpuCycle
 .text.cpuInit  0x20002398       0xa0 uMIPS/CMakeFiles/pico-uMIPS.dir/emulator/cpu.c.obj
                0x20002398                cpuInit
 .text.accessDecBusErrorReporter
                0x20002438       0x24 uMIPS/CMakeFiles/pico-uMIPS.dir/emulator/decBus.c.obj
 .text.accessDecCSR
                0x2000245c       0x5c uMIPS/CMakeFiles/pico-uMIPS.dir/emulator/decBus.c.obj
 .text.decReportBusErrorAddr
                0x200024b8        0xc uMIPS/CMakeFiles/pico-uMIPS.dir/emulator/decBus.c.obj
                0x200024b8                decReportBusErrorAddr
 .text.decBusInit
                0x200024c4       0x34 uMIPS/CMakeFiles/pico-uMIPS.dir/emulator/decBus.c.obj
                0x200024c4                decBusInit
 .text.ds1286prvPossiblyBcdRegOp
                0x200024f8       0x68 uMIPS/CMakeFiles/pico-uMIPS.dir/emulator/ds1287.c.obj
 .text.ds1287prvHoursProcessWrite
                0x20002560       0x88 uMIPS/CMakeFiles/pico-uMIPS.dir/emulator/ds1287.c.obj
 .text.ds1287prvHoursProcessRead
                0x200025e8       0x84 uMIPS/CMakeFiles/pico-uMIPS.dir/emulator/ds1287.c.obj
 .text.ds1287prvMemAccess
                0x2000266c       0xcc uMIPS/CMakeFiles/pico-uMIPS.dir/emulator/ds1287.c.obj
 .text.ds1287step
                0x20002738      0x1b0 uMIPS/CMakeFiles/pico-uMIPS.dir/emulator/ds1287.c.obj
                0x20002738                ds1287step
 .text.ds1287init
                0x200028e8       0x24 uMIPS/CMakeFiles/pico-uMIPS.dir/emulator/ds1287.c.obj
                0x200028e8                ds1287init
 .text.dz11PrvRecalc
                0x2000290c       0xd4 uMIPS/CMakeFiles/pico-uMIPS.dir/emulator/dz11.c.obj
 .text.dz11prvRealMemRead
                0x200029e0       0xfc uMIPS/CMakeFiles/pico-uMIPS.dir/emulator/dz11.c.obj
 .text.dz11charRx
                0x20002adc       0x68 uMIPS/CMakeFiles/pico-uMIPS.dir/emulator/dz11.c.obj
                0x20002adc                dz11charRx
 .text.dz11prvRealMemWrite
                0x20002b44       0xf4 uMIPS/CMakeFiles/pico-uMIPS.dir/emulator/dz11.c.obj
 .text.dz11prvMemAccess
                0x20002c38       0x78 uMIPS/CMakeFiles/pico-uMIPS.dir/emulator/dz11.c.obj
 .text.dz11init
                0x20002cb0       0x38 uMIPS/CMakeFiles/pico-uMIPS.dir/emulator/dz11.c.obj
                0x20002cb0                dz11init
 .text.memRegionAdd
                0x20002ce8       0x80 uMIPS/CMakeFiles/pico-uMIPS.dir/emulator/mem.c.obj
                0x20002ce8                memRegionAdd
 .text.memAccess
                0x20002d68       0x68 uMIPS/CMakeFiles/pico-uMIPS.dir/emulator/mem.c.obj
                0x20002d68                memAccess
 .text.accessRam
                0x20002dd0        0xa uMIPS/CMakeFiles/pico-uMIPS.dir/emulator/soc_rp2040.c.obj
 .text.massStorageAccess
                0x20002dda       0x2e uMIPS/CMakeFiles/pico-uMIPS.dir/emulator/soc_rp2040.c.obj
 .text.accessRom
                0x20002e08       0x54 uMIPS/CMakeFiles/pico-uMIPS.dir/emulator/soc_rp2040.c.obj
 .text.dz11charPut
                0x20002e5c       0x10 uMIPS/CMakeFiles/pico-uMIPS.dir/emulator/soc_rp2040.c.obj
                0x20002e5c                dz11charPut
 .text.cpuExtHypercall
                0x20002e6c      0x164 uMIPS/CMakeFiles/pico-uMIPS.dir/emulator/soc_rp2040.c.obj
                0x20002e6c                cpuExtHypercall
 .text.startEmu
                0x20002fd0       0xe8 uMIPS/CMakeFiles/pico-uMIPS.dir/emulator/soc_rp2040.c.obj
                0x20002fd0                startEmu
 .text.sdCardInit
                0x200030b8       0x44 uMIPS/CMakeFiles/pico-uMIPS.dir/sd/sd.c.obj
                0x200030b8                sdCardInit
 .text.sdSecRead
                0x200030fc       0x28 uMIPS/CMakeFiles/pico-uMIPS.dir/sd/sd.c.obj
                0x200030fc                sdSecRead
 .text.sdSecWrite
                0x20003124       0x28 uMIPS/CMakeFiles/pico-uMIPS.dir/sd/sd.c.obj
                0x20003124                sdSecWrite
 .text.check_sys_clock_khz
                0x2000314c       0xa4 uMIPS/CMakeFiles/pico-uMIPS.dir/E_/rp2040/pico-sdk/src/rp2_common/pico_stdlib/stdlib.c.obj
                0x2000314c                check_sys_clock_khz
 .text.gpio_set_function
                0x200031f0       0x30 uMIPS/CMakeFiles/pico-uMIPS.dir/E_/rp2040/pico-sdk/src/rp2_common/hardware_gpio/gpio.c.obj
                0x200031f0                gpio_set_function
 .text.gpio_set_pulls
                0x20003220       0x34 uMIPS/CMakeFiles/pico-uMIPS.dir/E_/rp2040/pico-sdk/src/rp2_common/hardware_gpio/gpio.c.obj
                0x20003220                gpio_set_pulls
 .text.gpio_set_slew_rate
                0x20003254       0x20 uMIPS/CMakeFiles/pico-uMIPS.dir/E_/rp2040/pico-sdk/src/rp2_common/hardware_gpio/gpio.c.obj
                0x20003254                gpio_set_slew_rate
 .text.gpio_set_drive_strength
                0x20003274       0x20 uMIPS/CMakeFiles/pico-uMIPS.dir/E_/rp2040/pico-sdk/src/rp2_common/hardware_gpio/gpio.c.obj
                0x20003274                gpio_set_drive_strength
 .text.gpio_init
                0x20003294       0x16 uMIPS/CMakeFiles/pico-uMIPS.dir/E_/rp2040/pico-sdk/src/rp2_common/hardware_gpio/gpio.c.obj
                0x20003294                gpio_init
 *fill*         0x200032aa        0x2 
 .text.running_on_fpga
                0x200032ac       0x14 uMIPS/CMakeFiles/pico-uMIPS.dir/E_/rp2040/pico-sdk/src/rp2_common/pico_platform/platform.c.obj
                0x200032ac                running_on_fpga
 .text.hw_claim_lock
                0x200032c0       0x18 uMIPS/CMakeFiles/pico-uMIPS.dir/E_/rp2040/pico-sdk/src/rp2_common/hardware_claim/claim.c.obj
                0x200032c0                hw_claim_lock
 .text.hw_claim_unlock
                0x200032d8       0x14 uMIPS/CMakeFiles/pico-uMIPS.dir/E_/rp2040/pico-sdk/src/rp2_common/hardware_claim/claim.c.obj
                0x200032d8                hw_claim_unlock
 .text.hw_claim_or_assert
                0x200032ec       0x32 uMIPS/CMakeFiles/pico-uMIPS.dir/E_/rp2040/pico-sdk/src/rp2_common/hardware_claim/claim.c.obj
                0x200032ec                hw_claim_or_assert
 .text.hw_claim_unused_from_range
                0x2000331e       0x50 uMIPS/CMakeFiles/pico-uMIPS.dir/E_/rp2040/pico-sdk/src/rp2_common/hardware_claim/claim.c.obj
                0x2000331e                hw_claim_unused_from_range
 *fill*         0x2000336e        0x2 
 .text.spin_locks_reset
                0x20003370       0x20 uMIPS/CMakeFiles/pico-uMIPS.dir/E_/rp2040/pico-sdk/src/rp2_common/hardware_sync/sync.c.obj
                0x20003370                spin_locks_reset
 .text.next_striped_spin_lock_num
                0x20003390       0x1c uMIPS/CMakeFiles/pico-uMIPS.dir/E_/rp2040/pico-sdk/src/rp2_common/hardware_sync/sync.c.obj
                0x20003390                next_striped_spin_lock_num
 .text.set_raw_irq_handler_and_unlock
                0x200033ac       0x28 uMIPS/CMakeFiles/pico-uMIPS.dir/E_/rp2040/pico-sdk/src/rp2_common/hardware_irq/irq.c.obj
 .text.make_branch
                0x200033d4       0x48 uMIPS/CMakeFiles/pico-uMIPS.dir/E_/rp2040/pico-sdk/src/rp2_common/hardware_irq/irq.c.obj
 .text.insert_branch_and_link
                0x2000341c       0x40 uMIPS/CMakeFiles/pico-uMIPS.dir/E_/rp2040/pico-sdk/src/rp2_common/hardware_irq/irq.c.obj
 .text.irq_is_enabled
                0x2000345c       0x18 uMIPS/CMakeFiles/pico-uMIPS.dir/E_/rp2040/pico-sdk/src/rp2_common/hardware_irq/irq.c.obj
                0x2000345c                irq_is_enabled
 .text.irq_set_mask_enabled
                0x20003474       0x20 uMIPS/CMakeFiles/pico-uMIPS.dir/E_/rp2040/pico-sdk/src/rp2_common/hardware_irq/irq.c.obj
                0x20003474                irq_set_mask_enabled
 .text.irq_set_enabled
                0x20003494        0xe uMIPS/CMakeFiles/pico-uMIPS.dir/E_/rp2040/pico-sdk/src/rp2_common/hardware_irq/irq.c.obj
                0x20003494                irq_set_enabled
 *fill*         0x200034a2        0x2 
 .text.irq_get_vtable_handler
                0x200034a4       0x10 uMIPS/CMakeFiles/pico-uMIPS.dir/E_/rp2040/pico-sdk/src/rp2_common/hardware_irq/irq.c.obj
                0x200034a4                irq_get_vtable_handler
 .text.irq_set_exclusive_handler
                0x200034b4       0x54 uMIPS/CMakeFiles/pico-uMIPS.dir/E_/rp2040/pico-sdk/src/rp2_common/hardware_irq/irq.c.obj
                0x200034b4                irq_set_exclusive_handler
 .text.irq_add_shared_handler
                0x20003508      0x234 uMIPS/CMakeFiles/pico-uMIPS.dir/E_/rp2040/pico-sdk/src/rp2_common/hardware_irq/irq.c.obj
                0x20003508                irq_add_shared_handler
 .text.irq_remove_handler
                0x2000373c      0x1ac uMIPS/CMakeFiles/pico-uMIPS.dir/E_/rp2040/pico-sdk/src/rp2_common/hardware_irq/irq.c.obj
                0x2000373c                irq_remove_handler
 .text.irq_add_tail_to_free_list
                0x200038e8       0xf0 uMIPS/CMakeFiles/pico-uMIPS.dir/E_/rp2040/pico-sdk/src/rp2_common/hardware_irq/irq.c.obj
                0x200038e8                irq_add_tail_to_free_list
 .text.irq_init_priorities
                0x200039d8       0x1c uMIPS/CMakeFiles/pico-uMIPS.dir/E_/rp2040/pico-sdk/src/rp2_common/hardware_irq/irq.c.obj
                0x200039d8                irq_init_priorities
 .text.sem_init
                0x200039f4       0x1e uMIPS/CMakeFiles/pico-uMIPS.dir/E_/rp2040/pico-sdk/src/common/pico_sync/sem.c.obj
                0x200039f4                sem_init
 *fill*         0x20003a12        0x2 
 .text.lock_init
                0x20003a14       0x10 uMIPS/CMakeFiles/pico-uMIPS.dir/E_/rp2040/pico-sdk/src/common/pico_sync/lock_core.c.obj
                0x20003a14                lock_init
 .text.mutex_init
                0x20003a24       0x1a uMIPS/CMakeFiles/pico-uMIPS.dir/E_/rp2040/pico-sdk/src/common/pico_sync/mutex.c.obj
                0x20003a24                mutex_init
 .text.recursive_mutex_init
                0x20003a3e       0x1e uMIPS/CMakeFiles/pico-uMIPS.dir/E_/rp2040/pico-sdk/src/common/pico_sync/mutex.c.obj
                0x20003a3e                recursive_mutex_init
 .text.alarm_pool_post_alloc_init
                0x20003a5c       0x40 uMIPS/CMakeFiles/pico-uMIPS.dir/E_/rp2040/pico-sdk/src/common/pico_time/time.c.obj
 .text.sleep_until_callback
                0x20003a9c       0x30 uMIPS/CMakeFiles/pico-uMIPS.dir/E_/rp2040/pico-sdk/src/common/pico_time/time.c.obj
 .text.timer_pool_entry_comparator
                0x20003acc       0x7c uMIPS/CMakeFiles/pico-uMIPS.dir/E_/rp2040/pico-sdk/src/common/pico_time/time.c.obj
                0x20003acc                timer_pool_entry_comparator
 .text.ph_add_child_node
                0x20003b48       0xa4 uMIPS/CMakeFiles/pico-uMIPS.dir/E_/rp2040/pico-sdk/src/common/pico_time/time.c.obj
 .text.ph_merge_nodes
                0x20003bec       0x3e uMIPS/CMakeFiles/pico-uMIPS.dir/E_/rp2040/pico-sdk/src/common/pico_time/time.c.obj
 *fill*         0x20003c2a        0x2 
 .text.add_alarm_under_lock
                0x20003c2c      0x174 uMIPS/CMakeFiles/pico-uMIPS.dir/E_/rp2040/pico-sdk/src/common/pico_time/time.c.obj
 .text.alarm_pool_alarm_callback
                0x20003da0      0x33c uMIPS/CMakeFiles/pico-uMIPS.dir/E_/rp2040/pico-sdk/src/common/pico_time/time.c.obj
 .text.alarm_pool_init_default
                0x200040dc       0x40 uMIPS/CMakeFiles/pico-uMIPS.dir/E_/rp2040/pico-sdk/src/common/pico_time/time.c.obj
                0x200040dc                alarm_pool_init_default
 .text.alarm_pool_get_default
                0x2000411c       0x2c uMIPS/CMakeFiles/pico-uMIPS.dir/E_/rp2040/pico-sdk/src/common/pico_time/time.c.obj
                0x2000411c                alarm_pool_get_default
 .text.alarm_pool_add_alarm_at
                0x20004148      0x168 uMIPS/CMakeFiles/pico-uMIPS.dir/E_/rp2040/pico-sdk/src/common/pico_time/time.c.obj
                0x20004148                alarm_pool_add_alarm_at
 .text.alarm_pool_cancel_alarm
                0x200042b0       0xf8 uMIPS/CMakeFiles/pico-uMIPS.dir/E_/rp2040/pico-sdk/src/common/pico_time/time.c.obj
                0x200042b0                alarm_pool_cancel_alarm
 .text.sleep_until
                0x200043a8       0xfc uMIPS/CMakeFiles/pico-uMIPS.dir/E_/rp2040/pico-sdk/src/common/pico_time/time.c.obj
                0x200043a8                sleep_until
 .text.sleep_us
                0x200044a4       0x58 uMIPS/CMakeFiles/pico-uMIPS.dir/E_/rp2040/pico-sdk/src/common/pico_time/time.c.obj
                0x200044a4                sleep_us
 .text.sleep_ms
                0x200044fc       0x14 uMIPS/CMakeFiles/pico-uMIPS.dir/E_/rp2040/pico-sdk/src/common/pico_time/time.c.obj
                0x200044fc                sleep_ms
 .text.best_effort_wfe_or_timeout
                0x20004510       0xac uMIPS/CMakeFiles/pico-uMIPS.dir/E_/rp2040/pico-sdk/src/common/pico_time/time.c.obj
                0x20004510                best_effort_wfe_or_timeout
 .text.hardware_alarm_irq_handler
                0x200045bc       0x90 uMIPS/CMakeFiles/pico-uMIPS.dir/E_/rp2040/pico-sdk/src/rp2_common/hardware_timer/timer.c.obj
 .text.hardware_alarm_claim
                0x2000464c       0x18 uMIPS/CMakeFiles/pico-uMIPS.dir/E_/rp2040/pico-sdk/src/rp2_common/hardware_timer/timer.c.obj
                0x2000464c                hardware_alarm_claim
 .text.time_us_64
                0x20004664       0x18 uMIPS/CMakeFiles/pico-uMIPS.dir/E_/rp2040/pico-sdk/src/rp2_common/hardware_timer/timer.c.obj
                0x20004664                time_us_64
 .text.busy_wait_until
                0x2000467c       0x28 uMIPS/CMakeFiles/pico-uMIPS.dir/E_/rp2040/pico-sdk/src/rp2_common/hardware_timer/timer.c.obj
                0x2000467c                busy_wait_until
 .text.busy_wait_us
                0x200046a4       0x48 uMIPS/CMakeFiles/pico-uMIPS.dir/E_/rp2040/pico-sdk/src/rp2_common/hardware_timer/timer.c.obj
                0x200046a4                busy_wait_us
 .text.hardware_alarm_set_callback
                0x200046ec       0x90 uMIPS/CMakeFiles/pico-uMIPS.dir/E_/rp2040/pico-sdk/src/rp2_common/hardware_timer/timer.c.obj
                0x200046ec                hardware_alarm_set_callback
 .text.hardware_alarm_set_target
                0x2000477c       0xe8 uMIPS/CMakeFiles/pico-uMIPS.dir/E_/rp2040/pico-sdk/src/rp2_common/hardware_timer/timer.c.obj
                0x2000477c                hardware_alarm_set_target
 .text.hardware_alarm_cancel
                0x20004864       0x40 uMIPS/CMakeFiles/pico-uMIPS.dir/E_/rp2040/pico-sdk/src/rp2_common/hardware_timer/timer.c.obj
                0x20004864                hardware_alarm_cancel
 .text.ph_add_child_node
                0x200048a4       0xa4 uMIPS/CMakeFiles/pico-uMIPS.dir/E_/rp2040/pico-sdk/src/common/pico_util/pheap.c.obj
 .text.ph_merge_nodes
                0x20004948       0x3e uMIPS/CMakeFiles/pico-uMIPS.dir/E_/rp2040/pico-sdk/src/common/pico_util/pheap.c.obj
 *fill*         0x20004986        0x2 
 .text.ph_clear
                0x20004988       0x70 uMIPS/CMakeFiles/pico-uMIPS.dir/E_/rp2040/pico-sdk/src/common/pico_util/pheap.c.obj
                0x20004988                ph_clear
 .text.ph_post_alloc_init
                0x200049f8        0xe uMIPS/CMakeFiles/pico-uMIPS.dir/E_/rp2040/pico-sdk/src/common/pico_util/pheap.c.obj
                0x200049f8                ph_post_alloc_init
 *fill*         0x20004a06        0x2 
 .text.ph_merge_two_pass
                0x20004a08       0xa8 uMIPS/CMakeFiles/pico-uMIPS.dir/E_/rp2040/pico-sdk/src/common/pico_util/pheap.c.obj
                0x20004a08                ph_merge_two_pass
 .text.ph_remove_any_head
                0x20004ab0      0x128 uMIPS/CMakeFiles/pico-uMIPS.dir/E_/rp2040/pico-sdk/src/common/pico_util/pheap.c.obj
 .text.ph_remove_head
                0x20004bd8       0x14 uMIPS/CMakeFiles/pico-uMIPS.dir/E_/rp2040/pico-sdk/src/common/pico_util/pheap.c.obj
                0x20004bd8                ph_remove_head
 .text.ph_remove_and_free_node
                0x20004bec       0xf8 uMIPS/CMakeFiles/pico-uMIPS.dir/E_/rp2040/pico-sdk/src/common/pico_util/pheap.c.obj
                0x20004bec                ph_remove_and_free_node
 .text.queue_add_internal
                0x20004ce4       0xa0 uMIPS/CMakeFiles/pico-uMIPS.dir/E_/rp2040/pico-sdk/src/common/pico_util/queue.c.obj
 .text.queue_remove_internal
                0x20004d84       0xa4 uMIPS/CMakeFiles/pico-uMIPS.dir/E_/rp2040/pico-sdk/src/common/pico_util/queue.c.obj
 .text.queue_init_with_spinlock
                0x20004e28       0x24 uMIPS/CMakeFiles/pico-uMIPS.dir/E_/rp2040/pico-sdk/src/common/pico_util/queue.c.obj
                0x20004e28                queue_init_with_spinlock
 .text.queue_add_blocking
                0x20004e4c        0xa uMIPS/CMakeFiles/pico-uMIPS.dir/E_/rp2040/pico-sdk/src/common/pico_util/queue.c.obj
                0x20004e4c                queue_add_blocking
 .text.queue_remove_blocking
                0x20004e56        0xa uMIPS/CMakeFiles/pico-uMIPS.dir/E_/rp2040/pico-sdk/src/common/pico_util/queue.c.obj
                0x20004e56                queue_remove_blocking
 .text.uart_disable_before_lcr_write
                0x20004e60       0x48 uMIPS/CMakeFiles/pico-uMIPS.dir/E_/rp2040/pico-sdk/src/rp2_common/hardware_uart/uart.c.obj
 .text.uart_write_lcr_bits_masked
                0x20004ea8       0x22 uMIPS/CMakeFiles/pico-uMIPS.dir/E_/rp2040/pico-sdk/src/rp2_common/hardware_uart/uart.c.obj
 *fill*         0x20004eca        0x2 
 .text.uart_set_baudrate
                0x20004ecc       0x5c uMIPS/CMakeFiles/pico-uMIPS.dir/E_/rp2040/pico-sdk/src/rp2_common/hardware_uart/uart.c.obj
                0x20004ecc                uart_set_baudrate
 .text.uart_set_format
                0x20004f28       0x2c uMIPS/CMakeFiles/pico-uMIPS.dir/E_/rp2040/pico-sdk/src/rp2_common/hardware_uart/uart.c.obj
                0x20004f28                uart_set_format
 .text.uart_set_translate_crlf
                0x20004f54       0x28 uMIPS/CMakeFiles/pico-uMIPS.dir/E_/rp2040/pico-sdk/src/rp2_common/hardware_uart/uart.c.obj
                0x20004f54                uart_set_translate_crlf
 .text.uart_init
                0x20004f7c       0x80 uMIPS/CMakeFiles/pico-uMIPS.dir/E_/rp2040/pico-sdk/src/rp2_common/hardware_uart/uart.c.obj
                0x20004f7c                uart_init
 .text.clock_configure
                0x20004ffc      0x108 uMIPS/CMakeFiles/pico-uMIPS.dir/E_/rp2040/pico-sdk/src/rp2_common/hardware_clocks/clocks.c.obj
                0x20004ffc                clock_configure
 .text.clocks_init
                0x20005104      0x100 uMIPS/CMakeFiles/pico-uMIPS.dir/E_/rp2040/pico-sdk/src/rp2_common/hardware_clocks/clocks.c.obj
                0x20005104                clocks_init
 .text.clock_get_hz
                0x20005204        0xc uMIPS/CMakeFiles/pico-uMIPS.dir/E_/rp2040/pico-sdk/src/rp2_common/hardware_clocks/clocks.c.obj
                0x20005204                clock_get_hz
 .text.pll_init
                0x20005210      0x120 uMIPS/CMakeFiles/pico-uMIPS.dir/E_/rp2040/pico-sdk/src/rp2_common/hardware_pll/pll.c.obj
                0x20005210                pll_init
 .text.vreg_set_voltage
                0x20005330       0x1c uMIPS/CMakeFiles/pico-uMIPS.dir/E_/rp2040/pico-sdk/src/rp2_common/hardware_vreg/vreg.c.obj
                0x20005330                vreg_set_voltage
 .text.watchdog_start_tick
                0x2000534c       0x10 uMIPS/CMakeFiles/pico-uMIPS.dir/E_/rp2040/pico-sdk/src/rp2_common/hardware_watchdog/watchdog.c.obj
                0x2000534c                watchdog_start_tick
 .text.xosc_init
                0x2000535c       0x28 uMIPS/CMakeFiles/pico-uMIPS.dir/E_/rp2040/pico-sdk/src/rp2_common/hardware_xosc/xosc.c.obj
                0x2000535c                xosc_init
 .text._exit    0x20005384        0x4 uMIPS/CMakeFiles/pico-uMIPS.dir/E_/rp2040/pico-sdk/src/rp2_common/pico_runtime/runtime.c.obj
                0x20005384                _exit
 .text._sbrk    0x20005388       0x38 uMIPS/CMakeFiles/pico-uMIPS.dir/E_/rp2040/pico-sdk/src/rp2_common/pico_runtime/runtime.c.obj
                0x20005388                _sbrk
 .text.exit     0x200053c0        0x6 uMIPS/CMakeFiles/pico-uMIPS.dir/E_/rp2040/pico-sdk/src/rp2_common/pico_runtime/runtime.c.obj
                0x200053c0                exit
 *fill*         0x200053c6        0x2 
 .text.__assert_func
                0x200053c8       0x3c uMIPS/CMakeFiles/pico-uMIPS.dir/E_/rp2040/pico-sdk/src/rp2_common/pico_runtime/runtime.c.obj
                0x200053c8                __assert_func
 .text.runtime_init
                0x20005404       0xf8 uMIPS/CMakeFiles/pico-uMIPS.dir/E_/rp2040/pico-sdk/src/rp2_common/pico_runtime/runtime.c.obj
                0x20005404                runtime_init
 .text.panic    0x200054fc       0x30 uMIPS/CMakeFiles/pico-uMIPS.dir/E_/rp2040/pico-sdk/src/rp2_common/pico_runtime/runtime.c.obj
                0x200054fc                panic
 .text._out_null
                0x2000552c        0x2 uMIPS/CMakeFiles/pico-uMIPS.dir/E_/rp2040/pico-sdk/src/rp2_common/pico_printf/printf.c.obj
 .text._out_fct
                0x2000552e        0xe uMIPS/CMakeFiles/pico-uMIPS.dir/E_/rp2040/pico-sdk/src/rp2_common/pico_printf/printf.c.obj
 .text._atoi    0x2000553c       0x24 uMIPS/CMakeFiles/pico-uMIPS.dir/E_/rp2040/pico-sdk/src/rp2_common/pico_printf/printf.c.obj
 .text._out_rev
                0x20005560       0xae uMIPS/CMakeFiles/pico-uMIPS.dir/E_/rp2040/pico-sdk/src/rp2_common/pico_printf/printf.c.obj
 .text._ntoa_format
                0x2000560e      0x112 uMIPS/CMakeFiles/pico-uMIPS.dir/E_/rp2040/pico-sdk/src/rp2_common/pico_printf/printf.c.obj
 .text._ntoa_long
                0x20005720       0xbc uMIPS/CMakeFiles/pico-uMIPS.dir/E_/rp2040/pico-sdk/src/rp2_common/pico_printf/printf.c.obj
 .text._ntoa_long_long
                0x200057dc       0xe2 uMIPS/CMakeFiles/pico-uMIPS.dir/E_/rp2040/pico-sdk/src/rp2_common/pico_printf/printf.c.obj
 *fill*         0x200058be        0x2 
 .text._etoa    0x200058c0      0x414 uMIPS/CMakeFiles/pico-uMIPS.dir/E_/rp2040/pico-sdk/src/rp2_common/pico_printf/printf.c.obj
 .text._ftoa    0x20005cd4      0x354 uMIPS/CMakeFiles/pico-uMIPS.dir/E_/rp2040/pico-sdk/src/rp2_common/pico_printf/printf.c.obj
 .text._vsnprintf
                0x20006028      0x624 uMIPS/CMakeFiles/pico-uMIPS.dir/E_/rp2040/pico-sdk/src/rp2_common/pico_printf/printf.c.obj
 .text.vfctprintf
                0x2000664c       0x20 uMIPS/CMakeFiles/pico-uMIPS.dir/E_/rp2040/pico-sdk/src/rp2_common/pico_printf/printf.c.obj
                0x2000664c                vfctprintf
 .text          0x2000666c       0x10 uMIPS/CMakeFiles/pico-uMIPS.dir/E_/rp2040/pico-sdk/src/rp2_common/pico_bit_ops/bit_ops_aeabi.S.obj
 .text.rom_func_lookup
                0x2000667c       0x10 uMIPS/CMakeFiles/pico-uMIPS.dir/E_/rp2040/pico-sdk/src/rp2_common/pico_bootrom/bootrom.c.obj
                0x2000667c                rom_func_lookup
 .text.rom_data_lookup
                0x2000668c       0x10 uMIPS/CMakeFiles/pico-uMIPS.dir/E_/rp2040/pico-sdk/src/rp2_common/pico_bootrom/bootrom.c.obj
                0x2000668c                rom_data_lookup
 .text.rom_funcs_lookup
                0x2000669c       0x36 uMIPS/CMakeFiles/pico-uMIPS.dir/E_/rp2040/pico-sdk/src/rp2_common/pico_bootrom/bootrom.c.obj
                0x2000669c                rom_funcs_lookup
 *fill*         0x200066d2        0x2 
 .text.__wrap___aeabi_idiv
                0x200066d4       0x50 uMIPS/CMakeFiles/pico-uMIPS.dir/E_/rp2040/pico-sdk/src/rp2_common/pico_divider/divider.S.obj
                0x200066d4                __wrap___aeabi_idivmod
                0x200066d4                divmod_s32s32
                0x200066d4                div_s32s32
                0x200066d4                __wrap___aeabi_idiv
                0x200066dc                divmod_s32s32_unsafe
                0x20006708                divmod_s32s32_savestate
 .text.__wrap___aeabi_uidiv
                0x20006724       0x4c uMIPS/CMakeFiles/pico-uMIPS.dir/E_/rp2040/pico-sdk/src/rp2_common/pico_divider/divider.S.obj
                0x20006724                __wrap___aeabi_uidiv
                0x20006724                __wrap___aeabi_uidivmod
                0x20006724                div_u32u32
                0x20006724                divmod_u32u32
                0x2000672c                divmod_u32u32_unsafe
                0x20006754                divmod_u32u32_savestate
 .text.__wrap___aeabi_ldiv
                0x20006770      0x424 uMIPS/CMakeFiles/pico-uMIPS.dir/E_/rp2040/pico-sdk/src/rp2_common/pico_divider/divider.S.obj
                0x20006770                div_s64s64
                0x20006770                divmod_s64s64
                0x20006770                __wrap___aeabi_ldivmod
                0x200067a0                divmod_u64u64
                0x200067a0                div_u64u64
                0x200067a0                __wrap___aeabi_uldivmod
                0x200067b0                divmod_u64u64_savestate
                0x200067d0                divmod_s64s64_unsafe
                0x20006858                divmod_u64u64_unsafe
 .text.__wrap___aeabi_darithmetic
                0x20006b94       0x80 uMIPS/CMakeFiles/pico-uMIPS.dir/E_/rp2040/pico-sdk/src/rp2_common/pico_double/double_aeabi.S.obj
                0x20006b94                __wrap___aeabi_drsub
                0x20006b9a                __wrap___aeabi_dsub
                0x20006bac                __wrap___aeabi_dadd
                0x20006bbe                __wrap___aeabi_ddiv
                0x20006bfa                __wrap___aeabi_dmul
 .text.__wrap___aeabi_cdcmple
                0x20006c14       0x6c uMIPS/CMakeFiles/pico-uMIPS.dir/E_/rp2040/pico-sdk/src/rp2_common/pico_double/double_aeabi.S.obj
                0x20006c14                __wrap___aeabi_cdrcmple
                0x20006c24                __wrap___aeabi_cdcmpeq
                0x20006c24                __wrap___aeabi_cdcmple
 .text.__wrap___aeabi_dcmpeq
                0x20006c80       0x10 uMIPS/CMakeFiles/pico-uMIPS.dir/E_/rp2040/pico-sdk/src/rp2_common/pico_double/double_aeabi.S.obj
                0x20006c80                __wrap___aeabi_dcmpeq
 .text.__wrap___aeabi_dcmplt
                0x20006c90        0xc uMIPS/CMakeFiles/pico-uMIPS.dir/E_/rp2040/pico-sdk/src/rp2_common/pico_double/double_aeabi.S.obj
                0x20006c90                __wrap___aeabi_dcmplt
 .text.__wrap___aeabi_dcmple
                0x20006c9c       0x10 uMIPS/CMakeFiles/pico-uMIPS.dir/E_/rp2040/pico-sdk/src/rp2_common/pico_double/double_aeabi.S.obj
                0x20006c9c                __wrap___aeabi_dcmple
 .text.__wrap___aeabi_dcmpge
                0x20006cac       0x10 uMIPS/CMakeFiles/pico-uMIPS.dir/E_/rp2040/pico-sdk/src/rp2_common/pico_double/double_aeabi.S.obj
                0x20006cac                __wrap___aeabi_dcmpge
 .text.__wrap___aeabi_dcmpgt
                0x20006cbc        0xa uMIPS/CMakeFiles/pico-uMIPS.dir/E_/rp2040/pico-sdk/src/rp2_common/pico_double/double_aeabi.S.obj
                0x20006cbc                __wrap___aeabi_dcmpgt
 .text.__wrap___aeabi_dcmpun
                0x20006cc6       0x1c uMIPS/CMakeFiles/pico-uMIPS.dir/E_/rp2040/pico-sdk/src/rp2_common/pico_double/double_aeabi.S.obj
                0x20006cc6                __wrap___aeabi_dcmpun
 *fill*         0x20006ce2        0x2 
 .text.__wrap___aeabi_i2d
                0x20006ce4       0x38 uMIPS/CMakeFiles/pico-uMIPS.dir/E_/rp2040/pico-sdk/src/rp2_common/pico_double/double_aeabi.S.obj
                0x20006ce4                __wrap___aeabi_ui2d
                0x20006cec                __wrap___aeabi_i2d
 .text.__wrap___aeabi_d2iz
                0x20006d1c       0x48 uMIPS/CMakeFiles/pico-uMIPS.dir/E_/rp2040/pico-sdk/src/rp2_common/pico_double/double_aeabi.S.obj
                0x20006d1c                double2int_z
                0x20006d1c                __wrap___aeabi_d2iz
 .text.__wrap___aeabi_d2uiz
                0x20006d64       0x18 uMIPS/CMakeFiles/pico-uMIPS.dir/E_/rp2040/pico-sdk/src/rp2_common/pico_double/double_aeabi.S.obj
                0x20006d64                __wrap___aeabi_d2uiz
                0x20006d64                double2uint
 .text.__aeabi_double_init
                0x20006d7c       0xc8 uMIPS/CMakeFiles/pico-uMIPS.dir/E_/rp2040/pico-sdk/src/rp2_common/pico_double/double_init_rom.c.obj
                0x20006d7c                __aeabi_double_init
 .text.double_table_shim_on_use_helper
                0x20006e44       0x34 uMIPS/CMakeFiles/pico-uMIPS.dir/E_/rp2040/pico-sdk/src/rp2_common/pico_double/double_v1_rom_shim.S.obj
                0x20006e44                double_table_shim_on_use_helper
 .text.__wrap___aeabi_dsub
                0x20006e78       0x10 uMIPS/CMakeFiles/pico-uMIPS.dir/E_/rp2040/pico-sdk/src/rp2_common/pico_double/double_v1_rom_shim.S.obj
                0x20006e78                drsub_shim
                0x20006e7e                dsub_shim
 .text.dadd_shim
                0x20006e88      0x15c uMIPS/CMakeFiles/pico-uMIPS.dir/E_/rp2040/pico-sdk/src/rp2_common/pico_double/double_v1_rom_shim.S.obj
                0x20006e88                dadd_shim
 .text.dmul_shim
                0x20006fe4      0x15c uMIPS/CMakeFiles/pico-uMIPS.dir/E_/rp2040/pico-sdk/src/rp2_common/pico_double/double_v1_rom_shim.S.obj
                0x20006fe4                dmul_shim
 .text.ddiv_shim
                0x20007140      0x1b0 uMIPS/CMakeFiles/pico-uMIPS.dir/E_/rp2040/pico-sdk/src/rp2_common/pico_double/double_v1_rom_shim.S.obj
                0x20007140                ddiv_shim
 .text.double2uint_shim
                0x200072f0        0xe uMIPS/CMakeFiles/pico-uMIPS.dir/E_/rp2040/pico-sdk/src/rp2_common/pico_double/double_v1_rom_shim.S.obj
                0x200072f0                double2uint_shim
                0x200072f2                double2ufix_shim
 *fill*         0x200072fe        0x2 
 .text.double2uint64_shim
                0x20007300       0x70 uMIPS/CMakeFiles/pico-uMIPS.dir/E_/rp2040/pico-sdk/src/rp2_common/pico_double/double_v1_rom_shim.S.obj
                0x20007300                double2uint64_shim
                0x20007302                double2ufix64_shim
                0x20007322                d2fix_a
 .text.dunpacks
                0x20007370       0x3c uMIPS/CMakeFiles/pico-uMIPS.dir/E_/rp2040/pico-sdk/src/rp2_common/pico_double/double_v1_rom_shim.S.obj
                0x20007370                dunpacks
 .text.__aeabi_lmul
                0x200073ac       0x32 uMIPS/CMakeFiles/pico-uMIPS.dir/E_/rp2040/pico-sdk/src/rp2_common/pico_int64_ops/pico_int64_ops_aeabi.S.obj
                0x200073ac                __wrap___aeabi_lmul
 *fill*         0x200073de        0x2 
 .text.__aeabi_float_init
                0x200073e0       0xfc uMIPS/CMakeFiles/pico-uMIPS.dir/E_/rp2040/pico-sdk/src/rp2_common/pico_float/float_init_rom.c.obj
                0x200073e0                __aeabi_float_init
 .text.float_table_shim_on_use_helper
                0x200074dc       0x34 uMIPS/CMakeFiles/pico-uMIPS.dir/E_/rp2040/pico-sdk/src/rp2_common/pico_float/float_v1_rom_shim.S.obj
                0x200074dc                float_table_shim_on_use_helper
 .text.__wrap_malloc
                0x20007510       0x3c uMIPS/CMakeFiles/pico-uMIPS.dir/E_/rp2040/pico-sdk/src/rp2_common/pico_malloc/pico_malloc.c.obj
                0x20007510                __wrap_malloc
 .text.__wrap_calloc
                0x2000754c       0x40 uMIPS/CMakeFiles/pico-uMIPS.dir/E_/rp2040/pico-sdk/src/rp2_common/pico_malloc/pico_malloc.c.obj
                0x2000754c                __wrap_calloc
 .text.__wrap_free
                0x2000758c       0x20 uMIPS/CMakeFiles/pico-uMIPS.dir/E_/rp2040/pico-sdk/src/rp2_common/pico_malloc/pico_malloc.c.obj
                0x2000758c                __wrap_free
 .text          0x200075ac       0x10 uMIPS/CMakeFiles/pico-uMIPS.dir/E_/rp2040/pico-sdk/src/rp2_common/pico_mem_ops/mem_ops_aeabi.S.obj
                0x200075ac                __aeabi_mem_init
 .text.memset   0x200075bc        0xc uMIPS/CMakeFiles/pico-uMIPS.dir/E_/rp2040/pico-sdk/src/rp2_common/pico_mem_ops/mem_ops_aeabi.S.obj
                0x200075bc                __wrap_memset
 .text.memcpy   0x200075c8        0xc uMIPS/CMakeFiles/pico-uMIPS.dir/E_/rp2040/pico-sdk/src/rp2_common/pico_mem_ops/mem_ops_aeabi.S.obj
                0x200075c8                __wrap_memcpy
                0x200075c8                __wrap___aeabi_memcpy
 .text.stdio_out_chars_no_crlf
                0x200075d4        0xe uMIPS/CMakeFiles/pico-uMIPS.dir/E_/rp2040/pico-sdk/src/rp2_common/pico_stdio/stdio.c.obj
 *fill*         0x200075e2        0x2 
 .text.stdio_out_chars_crlf
                0x200075e4       0x80 uMIPS/CMakeFiles/pico-uMIPS.dir/E_/rp2040/pico-sdk/src/rp2_common/pico_stdio/stdio.c.obj
 .text.stdio_stack_buffer_flush
                0x20007664       0x44 uMIPS/CMakeFiles/pico-uMIPS.dir/E_/rp2040/pico-sdk/src/rp2_common/pico_stdio/stdio.c.obj
 .text.stdio_buffered_printer
                0x200076a8       0x20 uMIPS/CMakeFiles/pico-uMIPS.dir/E_/rp2040/pico-sdk/src/rp2_common/pico_stdio/stdio.c.obj
 .text.stdio_get_until
                0x200076c8       0x80 uMIPS/CMakeFiles/pico-uMIPS.dir/E_/rp2040/pico-sdk/src/rp2_common/pico_stdio/stdio.c.obj
 .text.stdout_serialize_begin
                0x20007748       0x5c uMIPS/CMakeFiles/pico-uMIPS.dir/E_/rp2040/pico-sdk/src/rp2_common/pico_stdio/stdio.c.obj
                0x20007748                stdout_serialize_begin
 .text.stdout_serialize_end
                0x200077a4       0x10 uMIPS/CMakeFiles/pico-uMIPS.dir/E_/rp2040/pico-sdk/src/rp2_common/pico_stdio/stdio.c.obj
                0x200077a4                stdout_serialize_end
 .text.stdio_put_string
                0x200077b4       0x98 uMIPS/CMakeFiles/pico-uMIPS.dir/E_/rp2040/pico-sdk/src/rp2_common/pico_stdio/stdio.c.obj
 .text._read    0x2000784c       0x24 uMIPS/CMakeFiles/pico-uMIPS.dir/E_/rp2040/pico-sdk/src/rp2_common/pico_stdio/stdio.c.obj
                0x2000784c                _read
 .text._write   0x20007870       0x22 uMIPS/CMakeFiles/pico-uMIPS.dir/E_/rp2040/pico-sdk/src/rp2_common/pico_stdio/stdio.c.obj
                0x20007870                _write
 .text._close   0x20007892        0x6 uMIPS/CMakeFiles/pico-uMIPS.dir/E_/rp2040/pico-sdk/src/rp2_common/pico_stdio/stdio.c.obj
                0x20007892                _close
 .text._lseek   0x20007898        0x6 uMIPS/CMakeFiles/pico-uMIPS.dir/E_/rp2040/pico-sdk/src/rp2_common/pico_stdio/stdio.c.obj
                0x20007898                _lseek
 .text._fstat   0x2000789e        0x6 uMIPS/CMakeFiles/pico-uMIPS.dir/E_/rp2040/pico-sdk/src/rp2_common/pico_stdio/stdio.c.obj
                0x2000789e                _fstat
 .text._isatty  0x200078a4        0xc uMIPS/CMakeFiles/pico-uMIPS.dir/E_/rp2040/pico-sdk/src/rp2_common/pico_stdio/stdio.c.obj
                0x200078a4                _isatty
 .text.stdio_flush
                0x200078b0       0x20 uMIPS/CMakeFiles/pico-uMIPS.dir/E_/rp2040/pico-sdk/src/rp2_common/pico_stdio/stdio.c.obj
                0x200078b0                stdio_flush
 .text.__wrap_puts
                0x200078d0       0x1e uMIPS/CMakeFiles/pico-uMIPS.dir/E_/rp2040/pico-sdk/src/rp2_common/pico_stdio/stdio.c.obj
                0x200078d0                __wrap_puts
 *fill*         0x200078ee        0x2 
 .text.__wrap_vprintf
                0x200078f0       0x40 uMIPS/CMakeFiles/pico-uMIPS.dir/E_/rp2040/pico-sdk/src/rp2_common/pico_stdio/stdio.c.obj
                0x200078f0                __wrap_vprintf
 .text.__wrap_printf
                0x20007930       0x18 uMIPS/CMakeFiles/pico-uMIPS.dir/E_/rp2040/pico-sdk/src/rp2_common/pico_stdio/stdio.c.obj
                0x20007930                __wrap_printf
 .text.ld_word  0x20007948        0xa uMIPS/CMakeFiles/pico-uMIPS.dir/__/no-OS-FatFS-SD-SPI-RPi-Pico/src/ff15/source/ff.c.obj
 .text.ld_dword
                0x20007952       0x18 uMIPS/CMakeFiles/pico-uMIPS.dir/__/no-OS-FatFS-SD-SPI-RPi-Pico/src/ff15/source/ff.c.obj
 .text.ld_qword
                0x2000796a       0x42 uMIPS/CMakeFiles/pico-uMIPS.dir/__/no-OS-FatFS-SD-SPI-RPi-Pico/src/ff15/source/ff.c.obj
 .text.st_word  0x200079ac        0x8 uMIPS/CMakeFiles/pico-uMIPS.dir/__/no-OS-FatFS-SD-SPI-RPi-Pico/src/ff15/source/ff.c.obj
 .text.st_dword
                0x200079b4       0x10 uMIPS/CMakeFiles/pico-uMIPS.dir/__/no-OS-FatFS-SD-SPI-RPi-Pico/src/ff15/source/ff.c.obj
 .text.st_qword
                0x200079c4       0x1e uMIPS/CMakeFiles/pico-uMIPS.dir/__/no-OS-FatFS-SD-SPI-RPi-Pico/src/ff15/source/ff.c.obj
 .text.dbc_1st  0x200079e2        0x4 uMIPS/CMakeFiles/pico-uMIPS.dir/__/no-OS-FatFS-SD-SPI-RPi-Pico/src/ff15/source/ff.c.obj
 *fill*         0x200079e6        0x2 
 .text.tchar2uni
                0x200079e8       0xd0 uMIPS/CMakeFiles/pico-uMIPS.dir/__/no-OS-FatFS-SD-SPI-RPi-Pico/src/ff15/source/ff.c.obj
 .text.chk_share
                0x20007ab8       0x78 uMIPS/CMakeFiles/pico-uMIPS.dir/__/no-OS-FatFS-SD-SPI-RPi-Pico/src/ff15/source/ff.c.obj
 .text.enq_share
                0x20007b30       0x20 uMIPS/CMakeFiles/pico-uMIPS.dir/__/no-OS-FatFS-SD-SPI-RPi-Pico/src/ff15/source/ff.c.obj
 .text.inc_share
                0x20007b50       0xa8 uMIPS/CMakeFiles/pico-uMIPS.dir/__/no-OS-FatFS-SD-SPI-RPi-Pico/src/ff15/source/ff.c.obj
 .text.dec_share
                0x20007bf8       0x44 uMIPS/CMakeFiles/pico-uMIPS.dir/__/no-OS-FatFS-SD-SPI-RPi-Pico/src/ff15/source/ff.c.obj
 .text.clear_share
                0x20007c3c       0x24 uMIPS/CMakeFiles/pico-uMIPS.dir/__/no-OS-FatFS-SD-SPI-RPi-Pico/src/ff15/source/ff.c.obj
 .text.clst2sect
                0x20007c60       0x28 uMIPS/CMakeFiles/pico-uMIPS.dir/__/no-OS-FatFS-SD-SPI-RPi-Pico/src/ff15/source/ff.c.obj
 .text.clmt_clust
                0x20007c88       0x30 uMIPS/CMakeFiles/pico-uMIPS.dir/__/no-OS-FatFS-SD-SPI-RPi-Pico/src/ff15/source/ff.c.obj
 .text.ld_clust
                0x20007cb8       0x26 uMIPS/CMakeFiles/pico-uMIPS.dir/__/no-OS-FatFS-SD-SPI-RPi-Pico/src/ff15/source/ff.c.obj
 .text.st_clust
                0x20007cde       0x26 uMIPS/CMakeFiles/pico-uMIPS.dir/__/no-OS-FatFS-SD-SPI-RPi-Pico/src/ff15/source/ff.c.obj
 .text.pick_lfn
                0x20007d04       0x94 uMIPS/CMakeFiles/pico-uMIPS.dir/__/no-OS-FatFS-SD-SPI-RPi-Pico/src/ff15/source/ff.c.obj
 .text.put_lfn  0x20007d98       0x8c uMIPS/CMakeFiles/pico-uMIPS.dir/__/no-OS-FatFS-SD-SPI-RPi-Pico/src/ff15/source/ff.c.obj
 .text.sum_sfn  0x20007e24       0x20 uMIPS/CMakeFiles/pico-uMIPS.dir/__/no-OS-FatFS-SD-SPI-RPi-Pico/src/ff15/source/ff.c.obj
 .text.xdir_sum
                0x20007e44       0x2e uMIPS/CMakeFiles/pico-uMIPS.dir/__/no-OS-FatFS-SD-SPI-RPi-Pico/src/ff15/source/ff.c.obj
 .text.init_alloc_info
                0x20007e72       0x2e uMIPS/CMakeFiles/pico-uMIPS.dir/__/no-OS-FatFS-SD-SPI-RPi-Pico/src/ff15/source/ff.c.obj
 .text.get_ldnumber
                0x20007ea0       0x5c uMIPS/CMakeFiles/pico-uMIPS.dir/__/no-OS-FatFS-SD-SPI-RPi-Pico/src/ff15/source/ff.c.obj
 .text.crc32    0x20007efc       0x2c uMIPS/CMakeFiles/pico-uMIPS.dir/__/no-OS-FatFS-SD-SPI-RPi-Pico/src/ff15/source/ff.c.obj
 .text.validate
                0x20007f28       0x52 uMIPS/CMakeFiles/pico-uMIPS.dir/__/no-OS-FatFS-SD-SPI-RPi-Pico/src/ff15/source/ff.c.obj
 *fill*         0x20007f7a        0x2 
 .text.test_gpt_header
                0x20007f7c       0x7c uMIPS/CMakeFiles/pico-uMIPS.dir/__/no-OS-FatFS-SD-SPI-RPi-Pico/src/ff15/source/ff.c.obj
 .text.sync_window
                0x20007ff8       0x70 uMIPS/CMakeFiles/pico-uMIPS.dir/__/no-OS-FatFS-SD-SPI-RPi-Pico/src/ff15/source/ff.c.obj
 .text.move_window
                0x20008068       0x4c uMIPS/CMakeFiles/pico-uMIPS.dir/__/no-OS-FatFS-SD-SPI-RPi-Pico/src/ff15/source/ff.c.obj
 .text.check_fs
                0x200080b4      0x100 uMIPS/CMakeFiles/pico-uMIPS.dir/__/no-OS-FatFS-SD-SPI-RPi-Pico/src/ff15/source/ff.c.obj
 .text.find_volume
                0x200081b4      0x14c uMIPS/CMakeFiles/pico-uMIPS.dir/__/no-OS-FatFS-SD-SPI-RPi-Pico/src/ff15/source/ff.c.obj
 .text.mount_volume
                0x20008300      0x540 uMIPS/CMakeFiles/pico-uMIPS.dir/__/no-OS-FatFS-SD-SPI-RPi-Pico/src/ff15/source/ff.c.obj
 .text.find_bitmap
                0x20008840       0xa6 uMIPS/CMakeFiles/pico-uMIPS.dir/__/no-OS-FatFS-SD-SPI-RPi-Pico/src/ff15/source/ff.c.obj
 .text.change_bitmap
                0x200088e6       0x96 uMIPS/CMakeFiles/pico-uMIPS.dir/__/no-OS-FatFS-SD-SPI-RPi-Pico/src/ff15/source/ff.c.obj
 .text.put_fat  0x2000897c      0x176 uMIPS/CMakeFiles/pico-uMIPS.dir/__/no-OS-FatFS-SD-SPI-RPi-Pico/src/ff15/source/ff.c.obj
 .text.fill_last_frag
                0x20008af2       0x32 uMIPS/CMakeFiles/pico-uMIPS.dir/__/no-OS-FatFS-SD-SPI-RPi-Pico/src/ff15/source/ff.c.obj
 .text.fill_first_frag
                0x20008b24       0x32 uMIPS/CMakeFiles/pico-uMIPS.dir/__/no-OS-FatFS-SD-SPI-RPi-Pico/src/ff15/source/ff.c.obj
 *fill*         0x20008b56        0x2 
 .text.get_fat  0x20008b58      0x1ac uMIPS/CMakeFiles/pico-uMIPS.dir/__/no-OS-FatFS-SD-SPI-RPi-Pico/src/ff15/source/ff.c.obj
 .text.create_chain
                0x20008d04      0x1c6 uMIPS/CMakeFiles/pico-uMIPS.dir/__/no-OS-FatFS-SD-SPI-RPi-Pico/src/ff15/source/ff.c.obj
 .text.dir_sdi  0x20008eca       0xd4 uMIPS/CMakeFiles/pico-uMIPS.dir/__/no-OS-FatFS-SD-SPI-RPi-Pico/src/ff15/source/ff.c.obj
 .text.remove_chain
                0x20008f9e      0x14c uMIPS/CMakeFiles/pico-uMIPS.dir/__/no-OS-FatFS-SD-SPI-RPi-Pico/src/ff15/source/ff.c.obj
 .text.dir_clear
                0x200090ea       0xf0 uMIPS/CMakeFiles/pico-uMIPS.dir/__/no-OS-FatFS-SD-SPI-RPi-Pico/src/ff15/source/ff.c.obj
 .text.dir_next
                0x200091da      0x104 uMIPS/CMakeFiles/pico-uMIPS.dir/__/no-OS-FatFS-SD-SPI-RPi-Pico/src/ff15/source/ff.c.obj
 .text.dir_alloc
                0x200092de       0x70 uMIPS/CMakeFiles/pico-uMIPS.dir/__/no-OS-FatFS-SD-SPI-RPi-Pico/src/ff15/source/ff.c.obj
 .text.load_xdir
                0x2000934e      0x10c uMIPS/CMakeFiles/pico-uMIPS.dir/__/no-OS-FatFS-SD-SPI-RPi-Pico/src/ff15/source/ff.c.obj
 .text.load_obj_xdir
                0x2000945a       0x36 uMIPS/CMakeFiles/pico-uMIPS.dir/__/no-OS-FatFS-SD-SPI-RPi-Pico/src/ff15/source/ff.c.obj
 .text.dir_read
                0x20009490      0x114 uMIPS/CMakeFiles/pico-uMIPS.dir/__/no-OS-FatFS-SD-SPI-RPi-Pico/src/ff15/source/ff.c.obj
 .text.gen_numname
                0x200095a4       0xac uMIPS/CMakeFiles/pico-uMIPS.dir/__/no-OS-FatFS-SD-SPI-RPi-Pico/src/ff15/source/ff.c.obj
 .text.store_xdir
                0x20009650       0x66 uMIPS/CMakeFiles/pico-uMIPS.dir/__/no-OS-FatFS-SD-SPI-RPi-Pico/src/ff15/source/ff.c.obj
 *fill*         0x200096b6        0x2 
 .text.create_name
                0x200096b8      0x324 uMIPS/CMakeFiles/pico-uMIPS.dir/__/no-OS-FatFS-SD-SPI-RPi-Pico/src/ff15/source/ff.c.obj
 .text.xname_sum
                0x200099dc       0x38 uMIPS/CMakeFiles/pico-uMIPS.dir/__/no-OS-FatFS-SD-SPI-RPi-Pico/src/ff15/source/ff.c.obj
 .text.create_xdir
                0x20009a14       0x90 uMIPS/CMakeFiles/pico-uMIPS.dir/__/no-OS-FatFS-SD-SPI-RPi-Pico/src/ff15/source/ff.c.obj
 .text.cmp_lfn  0x20009aa4       0xb0 uMIPS/CMakeFiles/pico-uMIPS.dir/__/no-OS-FatFS-SD-SPI-RPi-Pico/src/ff15/source/ff.c.obj
 .text.dir_find
                0x20009b54      0x18c uMIPS/CMakeFiles/pico-uMIPS.dir/__/no-OS-FatFS-SD-SPI-RPi-Pico/src/ff15/source/ff.c.obj
 .text.follow_path
                0x20009ce0      0x11a uMIPS/CMakeFiles/pico-uMIPS.dir/__/no-OS-FatFS-SD-SPI-RPi-Pico/src/ff15/source/ff.c.obj
 .text.dir_register
                0x20009dfa      0x202 uMIPS/CMakeFiles/pico-uMIPS.dir/__/no-OS-FatFS-SD-SPI-RPi-Pico/src/ff15/source/ff.c.obj
 .text.f_mount  0x20009ffc       0x60 uMIPS/CMakeFiles/pico-uMIPS.dir/__/no-OS-FatFS-SD-SPI-RPi-Pico/src/ff15/source/ff.c.obj
                0x20009ffc                f_mount
 .text.f_open   0x2000a05c      0x366 uMIPS/CMakeFiles/pico-uMIPS.dir/__/no-OS-FatFS-SD-SPI-RPi-Pico/src/ff15/source/ff.c.obj
                0x2000a05c                f_open
 .text.f_read   0x2000a3c2      0x250 uMIPS/CMakeFiles/pico-uMIPS.dir/__/no-OS-FatFS-SD-SPI-RPi-Pico/src/ff15/source/ff.c.obj
                0x2000a3c2                f_read
 .text.f_write  0x2000a612      0x2a0 uMIPS/CMakeFiles/pico-uMIPS.dir/__/no-OS-FatFS-SD-SPI-RPi-Pico/src/ff15/source/ff.c.obj
                0x2000a612                f_write
 .text.f_lseek  0x2000a8b2      0x4c0 uMIPS/CMakeFiles/pico-uMIPS.dir/__/no-OS-FatFS-SD-SPI-RPi-Pico/src/ff15/source/ff.c.obj
                0x2000a8b2                f_lseek
 .text.ff_memalloc
                0x2000ad72        0x8 uMIPS/CMakeFiles/pico-uMIPS.dir/__/no-OS-FatFS-SD-SPI-RPi-Pico/src/ff15/source/ffsystem.c.obj
                0x2000ad72                ff_memalloc
 .text.ff_memfree
                0x2000ad7a        0x8 uMIPS/CMakeFiles/pico-uMIPS.dir/__/no-OS-FatFS-SD-SPI-RPi-Pico/src/ff15/source/ffsystem.c.obj
                0x2000ad7a                ff_memfree
 *fill*         0x2000ad82        0x2 
 .text.ff_uni2oem
                0x2000ad84       0x44 uMIPS/CMakeFiles/pico-uMIPS.dir/__/no-OS-FatFS-SD-SPI-RPi-Pico/src/ff15/source/ffunicode.c.obj
                0x2000ad84                ff_uni2oem
 .text.ff_wtoupper
                0x2000adc8       0xa8 uMIPS/CMakeFiles/pico-uMIPS.dir/__/no-OS-FatFS-SD-SPI-RPi-Pico/src/ff15/source/ffunicode.c.obj
                0x2000adc8                ff_wtoupper
 .text.sd_card_detect
                0x2000ae70       0x44 uMIPS/CMakeFiles/pico-uMIPS.dir/__/no-OS-FatFS-SD-SPI-RPi-Pico/src/sd_driver/sd_card.c.obj
                0x2000ae70                sd_card_detect
 .text.sd_init_driver
                0x2000aeb4       0x78 uMIPS/CMakeFiles/pico-uMIPS.dir/__/no-OS-FatFS-SD-SPI-RPi-Pico/src/sd_driver/sd_card.c.obj
                0x2000aeb4                sd_init_driver
 .text.sdio_send_command
                0x2000af2c       0x98 uMIPS/CMakeFiles/pico-uMIPS.dir/__/no-OS-FatFS-SD-SPI-RPi-Pico/src/sd_driver/SDIO/rp2040_sdio.c.obj
 .text.sd_get_by_dma_ch
                0x2000afc4       0x34 uMIPS/CMakeFiles/pico-uMIPS.dir/__/no-OS-FatFS-SD-SPI-RPi-Pico/src/sd_driver/SDIO/rp2040_sdio.c.obj
 .text.match_and_clear_irq
                0x2000aff8       0x44 uMIPS/CMakeFiles/pico-uMIPS.dir/__/no-OS-FatFS-SD-SPI-RPi-Pico/src/sd_driver/SDIO/rp2040_sdio.c.obj
 .text.sdio_start_next_block_tx
                0x2000b03c      0x254 uMIPS/CMakeFiles/pico-uMIPS.dir/__/no-OS-FatFS-SD-SPI-RPi-Pico/src/sd_driver/SDIO/rp2040_sdio.c.obj
 .text.sdio_crc16_4bit_checksum
                0x2000b290       0x88 uMIPS/CMakeFiles/pico-uMIPS.dir/__/no-OS-FatFS-SD-SPI-RPi-Pico/src/sd_driver/SDIO/rp2040_sdio.c.obj
                0x2000b290                sdio_crc16_4bit_checksum
 .text.sdio_verify_rx_checksums
                0x2000b318       0x80 uMIPS/CMakeFiles/pico-uMIPS.dir/__/no-OS-FatFS-SD-SPI-RPi-Pico/src/sd_driver/SDIO/rp2040_sdio.c.obj
 .text.sdio_compute_next_tx_checksum
                0x2000b398       0x50 uMIPS/CMakeFiles/pico-uMIPS.dir/__/no-OS-FatFS-SD-SPI-RPi-Pico/src/sd_driver/SDIO/rp2040_sdio.c.obj
 .text.rp2040_sdio_command_R1
                0x2000b3e8      0x16c uMIPS/CMakeFiles/pico-uMIPS.dir/__/no-OS-FatFS-SD-SPI-RPi-Pico/src/sd_driver/SDIO/rp2040_sdio.c.obj
                0x2000b3e8                rp2040_sdio_command_R1
 .text.rp2040_sdio_command_R2
                0x2000b554      0x27c uMIPS/CMakeFiles/pico-uMIPS.dir/__/no-OS-FatFS-SD-SPI-RPi-Pico/src/sd_driver/SDIO/rp2040_sdio.c.obj
                0x2000b554                rp2040_sdio_command_R2
 .text.rp2040_sdio_command_R3
                0x2000b7d0       0xec uMIPS/CMakeFiles/pico-uMIPS.dir/__/no-OS-FatFS-SD-SPI-RPi-Pico/src/sd_driver/SDIO/rp2040_sdio.c.obj
                0x2000b7d0                rp2040_sdio_command_R3
 .text.rp2040_sdio_rx_start
                0x2000b8bc      0x2ec uMIPS/CMakeFiles/pico-uMIPS.dir/__/no-OS-FatFS-SD-SPI-RPi-Pico/src/sd_driver/SDIO/rp2040_sdio.c.obj
                0x2000b8bc                rp2040_sdio_rx_start
 .text.rp2040_sdio_tx_start
                0x2000bba8       0xc0 uMIPS/CMakeFiles/pico-uMIPS.dir/__/no-OS-FatFS-SD-SPI-RPi-Pico/src/sd_driver/SDIO/rp2040_sdio.c.obj
                0x2000bba8                rp2040_sdio_tx_start
 .text.check_sdio_write_response
                0x2000bc68       0x40 uMIPS/CMakeFiles/pico-uMIPS.dir/__/no-OS-FatFS-SD-SPI-RPi-Pico/src/sd_driver/SDIO/rp2040_sdio.c.obj
                0x2000bc68                check_sdio_write_response
 .text.rp2040_sdio_stop
                0x2000bca8       0x80 uMIPS/CMakeFiles/pico-uMIPS.dir/__/no-OS-FatFS-SD-SPI-RPi-Pico/src/sd_driver/SDIO/rp2040_sdio.c.obj
                0x2000bca8                rp2040_sdio_stop
 .text.rp2040_sdio_rx_poll
                0x2000bd28       0xa8 uMIPS/CMakeFiles/pico-uMIPS.dir/__/no-OS-FatFS-SD-SPI-RPi-Pico/src/sd_driver/SDIO/rp2040_sdio.c.obj
                0x2000bd28                rp2040_sdio_rx_poll
 .text.sub_rp2040_sdio_tx_irq
                0x2000bdd0      0x198 uMIPS/CMakeFiles/pico-uMIPS.dir/__/no-OS-FatFS-SD-SPI-RPi-Pico/src/sd_driver/SDIO/rp2040_sdio.c.obj
 .text.rp2040_sdio_tx_irq
                0x2000bf68       0x20 uMIPS/CMakeFiles/pico-uMIPS.dir/__/no-OS-FatFS-SD-SPI-RPi-Pico/src/sd_driver/SDIO/rp2040_sdio.c.obj
 .text.rp2040_sdio_tx_poll
                0x2000bf88       0x88 uMIPS/CMakeFiles/pico-uMIPS.dir/__/no-OS-FatFS-SD-SPI-RPi-Pico/src/sd_driver/SDIO/rp2040_sdio.c.obj
                0x2000bf88                rp2040_sdio_tx_poll
 .text.rp2040_sdio_init
                0x2000c010      0x400 uMIPS/CMakeFiles/pico-uMIPS.dir/__/no-OS-FatFS-SD-SPI-RPi-Pico/src/sd_driver/SDIO/rp2040_sdio.c.obj
                0x2000c010                rp2040_sdio_init
 .text.logSDError
                0x2000c410        0xc uMIPS/CMakeFiles/pico-uMIPS.dir/__/no-OS-FatFS-SD-SPI-RPi-Pico/src/sd_driver/SDIO/sd_card_sdio.c.obj
 .text.get_stream_callback
                0x2000c41c       0x3c uMIPS/CMakeFiles/pico-uMIPS.dir/__/no-OS-FatFS-SD-SPI-RPi-Pico/src/sd_driver/SDIO/sd_card_sdio.c.obj
 .text.sd_sdio_readCID
                0x2000c458       0x14 uMIPS/CMakeFiles/pico-uMIPS.dir/__/no-OS-FatFS-SD-SPI-RPi-Pico/src/sd_driver/SDIO/sd_card_sdio.c.obj
                0x2000c458                sd_sdio_readCID
 .text.sd_sdio_sectorCount
                0x2000c46c       0x68 uMIPS/CMakeFiles/pico-uMIPS.dir/__/no-OS-FatFS-SD-SPI-RPi-Pico/src/sd_driver/SDIO/sd_card_sdio.c.obj
                0x2000c46c                sd_sdio_sectorCount
 .text.gpio_conf
                0x2000c4d4       0x68 uMIPS/CMakeFiles/pico-uMIPS.dir/__/no-OS-FatFS-SD-SPI-RPi-Pico/src/sd_driver/SDIO/sd_card_sdio.c.obj
 .text.sd_sdio_begin
                0x2000c53c      0x23c uMIPS/CMakeFiles/pico-uMIPS.dir/__/no-OS-FatFS-SD-SPI-RPi-Pico/src/sd_driver/SDIO/sd_card_sdio.c.obj
                0x2000c53c                sd_sdio_begin
 .text.sd_sdio_init
                0x2000c778       0x18 uMIPS/CMakeFiles/pico-uMIPS.dir/__/no-OS-FatFS-SD-SPI-RPi-Pico/src/sd_driver/SDIO/sd_card_sdio.c.obj
 .text.sd_sdio_isBusy
                0x2000c790       0x16 uMIPS/CMakeFiles/pico-uMIPS.dir/__/no-OS-FatFS-SD-SPI-RPi-Pico/src/sd_driver/SDIO/sd_card_sdio.c.obj
                0x2000c790                sd_sdio_isBusy
 *fill*         0x2000c7a6        0x2 
 .text.sd_sdio_stopTransmission
                0x2000c7a8       0xe0 uMIPS/CMakeFiles/pico-uMIPS.dir/__/no-OS-FatFS-SD-SPI-RPi-Pico/src/sd_driver/SDIO/sd_card_sdio.c.obj
                0x2000c7a8                sd_sdio_stopTransmission
 .text.sd_sdio_writeSector
                0x2000c888       0xb4 uMIPS/CMakeFiles/pico-uMIPS.dir/__/no-OS-FatFS-SD-SPI-RPi-Pico/src/sd_driver/SDIO/sd_card_sdio.c.obj
                0x2000c888                sd_sdio_writeSector
 .text.sd_sdio_writeSectors
                0x2000c93c      0x11c uMIPS/CMakeFiles/pico-uMIPS.dir/__/no-OS-FatFS-SD-SPI-RPi-Pico/src/sd_driver/SDIO/sd_card_sdio.c.obj
                0x2000c93c                sd_sdio_writeSectors
 .text.sd_sdio_write_blocks
                0x2000ca58       0x2c uMIPS/CMakeFiles/pico-uMIPS.dir/__/no-OS-FatFS-SD-SPI-RPi-Pico/src/sd_driver/SDIO/sd_card_sdio.c.obj
 .text.sd_sdio_readSector
                0x2000ca84       0xc0 uMIPS/CMakeFiles/pico-uMIPS.dir/__/no-OS-FatFS-SD-SPI-RPi-Pico/src/sd_driver/SDIO/sd_card_sdio.c.obj
                0x2000ca84                sd_sdio_readSector
 .text.sd_sdio_readSectors
                0x2000cb44       0xec uMIPS/CMakeFiles/pico-uMIPS.dir/__/no-OS-FatFS-SD-SPI-RPi-Pico/src/sd_driver/SDIO/sd_card_sdio.c.obj
                0x2000cb44                sd_sdio_readSectors
 .text.sd_sdio_read_blocks
                0x2000cc30       0x2c uMIPS/CMakeFiles/pico-uMIPS.dir/__/no-OS-FatFS-SD-SPI-RPi-Pico/src/sd_driver/SDIO/sd_card_sdio.c.obj
 .text.sd_sdio_ctor
                0x2000cc5c      0x15c uMIPS/CMakeFiles/pico-uMIPS.dir/__/no-OS-FatFS-SD-SPI-RPi-Pico/src/sd_driver/SDIO/sd_card_sdio.c.obj
                0x2000cc5c                sd_sdio_ctor
 .text.crc7     0x2000cdb8       0x20 uMIPS/CMakeFiles/pico-uMIPS.dir/__/no-OS-FatFS-SD-SPI-RPi-Pico/src/sd_driver/SPI/crc.c.obj
                0x2000cdb8                crc7
 .text.crc16    0x2000cdd8       0x28 uMIPS/CMakeFiles/pico-uMIPS.dir/__/no-OS-FatFS-SD-SPI-RPi-Pico/src/sd_driver/SPI/crc.c.obj
                0x2000cdd8                crc16
 .text.sd_spi_deselect
                0x2000ce00       0x2c uMIPS/CMakeFiles/pico-uMIPS.dir/__/no-OS-FatFS-SD-SPI-RPi-Pico/src/sd_driver/SPI/sd_spi.c.obj
 .text.sd_spi_select
                0x2000ce2c       0x2c uMIPS/CMakeFiles/pico-uMIPS.dir/__/no-OS-FatFS-SD-SPI-RPi-Pico/src/sd_driver/SPI/sd_spi.c.obj
 .text.sd_spi_lock
                0x2000ce58        0xa uMIPS/CMakeFiles/pico-uMIPS.dir/__/no-OS-FatFS-SD-SPI-RPi-Pico/src/sd_driver/SPI/sd_spi.c.obj
 .text.sd_spi_unlock
                0x2000ce62        0xa uMIPS/CMakeFiles/pico-uMIPS.dir/__/no-OS-FatFS-SD-SPI-RPi-Pico/src/sd_driver/SPI/sd_spi.c.obj
 .text.sd_spi_go_high_frequency
                0x2000ce6c        0xe uMIPS/CMakeFiles/pico-uMIPS.dir/__/no-OS-FatFS-SD-SPI-RPi-Pico/src/sd_driver/SPI/sd_spi.c.obj
                0x2000ce6c                sd_spi_go_high_frequency
 *fill*         0x2000ce7a        0x2 
 .text.sd_spi_go_low_frequency
                0x2000ce7c       0x14 uMIPS/CMakeFiles/pico-uMIPS.dir/__/no-OS-FatFS-SD-SPI-RPi-Pico/src/sd_driver/SPI/sd_spi.c.obj
                0x2000ce7c                sd_spi_go_low_frequency
 .text.sd_spi_deselect_pulse
                0x2000ce90       0x10 uMIPS/CMakeFiles/pico-uMIPS.dir/__/no-OS-FatFS-SD-SPI-RPi-Pico/src/sd_driver/SPI/sd_spi.c.obj
                0x2000ce90                sd_spi_deselect_pulse
 .text.sd_spi_acquire
                0x2000cea0       0x10 uMIPS/CMakeFiles/pico-uMIPS.dir/__/no-OS-FatFS-SD-SPI-RPi-Pico/src/sd_driver/SPI/sd_spi.c.obj
                0x2000cea0                sd_spi_acquire
 .text.sd_spi_release
                0x2000ceb0       0x10 uMIPS/CMakeFiles/pico-uMIPS.dir/__/no-OS-FatFS-SD-SPI-RPi-Pico/src/sd_driver/SPI/sd_spi.c.obj
                0x2000ceb0                sd_spi_release
 .text.sd_spi_transfer
                0x2000cec0        0xa uMIPS/CMakeFiles/pico-uMIPS.dir/__/no-OS-FatFS-SD-SPI-RPi-Pico/src/sd_driver/SPI/sd_spi.c.obj
                0x2000cec0                sd_spi_transfer
 *fill*         0x2000ceca        0x2 
 .text.sd_spi_write
                0x2000cecc       0x44 uMIPS/CMakeFiles/pico-uMIPS.dir/__/no-OS-FatFS-SD-SPI-RPi-Pico/src/sd_driver/SPI/sd_spi.c.obj
                0x2000cecc                sd_spi_write
 .text.sd_spi_send_initializing_sequence
                0x2000cf10       0xc0 uMIPS/CMakeFiles/pico-uMIPS.dir/__/no-OS-FatFS-SD-SPI-RPi-Pico/src/sd_driver/SPI/sd_spi.c.obj
                0x2000cf10                sd_spi_send_initializing_sequence
 .text.ext_bits
                0x2000cfd0       0x30 uMIPS/CMakeFiles/pico-uMIPS.dir/__/no-OS-FatFS-SD-SPI-RPi-Pico/src/sd_driver/SPI/sd_card_spi.c.obj
 .text.sd_lock  0x2000d000       0x30 uMIPS/CMakeFiles/pico-uMIPS.dir/__/no-OS-FatFS-SD-SPI-RPi-Pico/src/sd_driver/SPI/sd_card_spi.c.obj
 .text.sd_acquire
                0x2000d030       0x10 uMIPS/CMakeFiles/pico-uMIPS.dir/__/no-OS-FatFS-SD-SPI-RPi-Pico/src/sd_driver/SPI/sd_card_spi.c.obj
 .text.sd_cmd_spi
                0x2000d040       0x74 uMIPS/CMakeFiles/pico-uMIPS.dir/__/no-OS-FatFS-SD-SPI-RPi-Pico/src/sd_driver/SPI/sd_card_spi.c.obj
 .text.sd_unlock
                0x2000d0b4       0x30 uMIPS/CMakeFiles/pico-uMIPS.dir/__/no-OS-FatFS-SD-SPI-RPi-Pico/src/sd_driver/SPI/sd_card_spi.c.obj
 .text.sd_release
                0x2000d0e4       0x10 uMIPS/CMakeFiles/pico-uMIPS.dir/__/no-OS-FatFS-SD-SPI-RPi-Pico/src/sd_driver/SPI/sd_card_spi.c.obj
 .text.sd_wait_token
                0x2000d0f4       0x90 uMIPS/CMakeFiles/pico-uMIPS.dir/__/no-OS-FatFS-SD-SPI-RPi-Pico/src/sd_driver/SPI/sd_card_spi.c.obj
 .text.sd_read_bytes
                0x2000d184       0x6c uMIPS/CMakeFiles/pico-uMIPS.dir/__/no-OS-FatFS-SD-SPI-RPi-Pico/src/sd_driver/SPI/sd_card_spi.c.obj
 .text.sd_read_block
                0x2000d1f0       0x60 uMIPS/CMakeFiles/pico-uMIPS.dir/__/no-OS-FatFS-SD-SPI-RPi-Pico/src/sd_driver/SPI/sd_card_spi.c.obj
 .text.sd_wait_ready
                0x2000d250       0x98 uMIPS/CMakeFiles/pico-uMIPS.dir/__/no-OS-FatFS-SD-SPI-RPi-Pico/src/sd_driver/SPI/sd_card_spi.c.obj
 .text.sd_cmd   0x2000d2e8      0x1bc uMIPS/CMakeFiles/pico-uMIPS.dir/__/no-OS-FatFS-SD-SPI-RPi-Pico/src/sd_driver/SPI/sd_card_spi.c.obj
 .text.sd_cmd8  0x2000d4a4       0x44 uMIPS/CMakeFiles/pico-uMIPS.dir/__/no-OS-FatFS-SD-SPI-RPi-Pico/src/sd_driver/SPI/sd_card_spi.c.obj
 .text.in_sd_spi_sectors
                0x2000d4e8       0xb8 uMIPS/CMakeFiles/pico-uMIPS.dir/__/no-OS-FatFS-SD-SPI-RPi-Pico/src/sd_driver/SPI/sd_card_spi.c.obj
 .text.sd_spi_sectors
                0x2000d5a0       0x1e uMIPS/CMakeFiles/pico-uMIPS.dir/__/no-OS-FatFS-SD-SPI-RPi-Pico/src/sd_driver/SPI/sd_card_spi.c.obj
                0x2000d5a0                sd_spi_sectors
 .text.in_sd_spi_readCID
                0x2000d5be       0x34 uMIPS/CMakeFiles/pico-uMIPS.dir/__/no-OS-FatFS-SD-SPI-RPi-Pico/src/sd_driver/SPI/sd_card_spi.c.obj
 .text.sd_spi_readCID
                0x2000d5f2       0x1e uMIPS/CMakeFiles/pico-uMIPS.dir/__/no-OS-FatFS-SD-SPI-RPi-Pico/src/sd_driver/SPI/sd_card_spi.c.obj
                0x2000d5f2                sd_spi_readCID
 .text.sd_go_idle_state
                0x2000d610       0x44 uMIPS/CMakeFiles/pico-uMIPS.dir/__/no-OS-FatFS-SD-SPI-RPi-Pico/src/sd_driver/SPI/sd_card_spi.c.obj
 .text.sd_init_medium
                0x2000d654      0x154 uMIPS/CMakeFiles/pico-uMIPS.dir/__/no-OS-FatFS-SD-SPI-RPi-Pico/src/sd_driver/SPI/sd_card_spi.c.obj
 .text.sd_spi_init
                0x2000d7a8       0xc4 uMIPS/CMakeFiles/pico-uMIPS.dir/__/no-OS-FatFS-SD-SPI-RPi-Pico/src/sd_driver/SPI/sd_card_spi.c.obj
                0x2000d7a8                sd_spi_init
 .text.in_sd_read_blocks
                0x2000d86c       0xbc uMIPS/CMakeFiles/pico-uMIPS.dir/__/no-OS-FatFS-SD-SPI-RPi-Pico/src/sd_driver/SPI/sd_card_spi.c.obj
 .text.sd_read_blocks
                0x2000d928       0x2e uMIPS/CMakeFiles/pico-uMIPS.dir/__/no-OS-FatFS-SD-SPI-RPi-Pico/src/sd_driver/SPI/sd_card_spi.c.obj
 *fill*         0x2000d956        0x2 
 .text.sd_write_block
                0x2000d958       0x70 uMIPS/CMakeFiles/pico-uMIPS.dir/__/no-OS-FatFS-SD-SPI-RPi-Pico/src/sd_driver/SPI/sd_card_spi.c.obj
 .text.in_sd_write_blocks
                0x2000d9c8       0xdc uMIPS/CMakeFiles/pico-uMIPS.dir/__/no-OS-FatFS-SD-SPI-RPi-Pico/src/sd_driver/SPI/sd_card_spi.c.obj
 .text.sd_write_blocks
                0x2000daa4       0x2e uMIPS/CMakeFiles/pico-uMIPS.dir/__/no-OS-FatFS-SD-SPI-RPi-Pico/src/sd_driver/SPI/sd_card_spi.c.obj
 *fill*         0x2000dad2        0x2 
 .text.sd_spi_ctor
                0x2000dad4       0x98 uMIPS/CMakeFiles/pico-uMIPS.dir/__/no-OS-FatFS-SD-SPI-RPi-Pico/src/sd_driver/SPI/sd_card_spi.c.obj
                0x2000dad4                sd_spi_ctor
 .text.spi_get_by_rx_dma
                0x2000db6c       0x38 uMIPS/CMakeFiles/pico-uMIPS.dir/__/no-OS-FatFS-SD-SPI-RPi-Pico/src/sd_driver/SPI/spi.c.obj
 .text.in_spi_irq_handler
                0x2000dba4       0x64 uMIPS/CMakeFiles/pico-uMIPS.dir/__/no-OS-FatFS-SD-SPI-RPi-Pico/src/sd_driver/SPI/spi.c.obj
 .text.spi_irq_handler
                0x2000dc08       0x1c uMIPS/CMakeFiles/pico-uMIPS.dir/__/no-OS-FatFS-SD-SPI-RPi-Pico/src/sd_driver/SPI/spi.c.obj
 .text.spi_lock
                0x2000dc24       0x30 uMIPS/CMakeFiles/pico-uMIPS.dir/__/no-OS-FatFS-SD-SPI-RPi-Pico/src/sd_driver/SPI/spi.c.obj
                0x2000dc24                spi_lock
 .text.spi_unlock
                0x2000dc54       0x30 uMIPS/CMakeFiles/pico-uMIPS.dir/__/no-OS-FatFS-SD-SPI-RPi-Pico/src/sd_driver/SPI/spi.c.obj
                0x2000dc54                spi_unlock
 .text.my_spi_init
                0x2000dc84      0x280 uMIPS/CMakeFiles/pico-uMIPS.dir/__/no-OS-FatFS-SD-SPI-RPi-Pico/src/sd_driver/SPI/spi.c.obj
                0x2000dc84                my_spi_init
 .text.FRESULT_str
                0x2000df04       0xb8 uMIPS/CMakeFiles/pico-uMIPS.dir/__/no-OS-FatFS-SD-SPI-RPi-Pico/src/source/f_util.c.obj
                0x2000df04                FRESULT_str
 .text.sdrc2dresult
                0x2000dfbc       0x60 uMIPS/CMakeFiles/pico-uMIPS.dir/__/no-OS-FatFS-SD-SPI-RPi-Pico/src/source/glue.c.obj
 .text.disk_status
                0x2000e01c       0x18 uMIPS/CMakeFiles/pico-uMIPS.dir/__/no-OS-FatFS-SD-SPI-RPi-Pico/src/source/glue.c.obj
                0x2000e01c                disk_status
 .text.disk_initialize
                0x2000e034       0x2a uMIPS/CMakeFiles/pico-uMIPS.dir/__/no-OS-FatFS-SD-SPI-RPi-Pico/src/source/glue.c.obj
                0x2000e034                disk_initialize
 .text.disk_read
                0x2000e05e       0x32 uMIPS/CMakeFiles/pico-uMIPS.dir/__/no-OS-FatFS-SD-SPI-RPi-Pico/src/source/glue.c.obj
                0x2000e05e                disk_read
 .text.disk_write
                0x2000e090       0x32 uMIPS/CMakeFiles/pico-uMIPS.dir/__/no-OS-FatFS-SD-SPI-RPi-Pico/src/source/glue.c.obj
                0x2000e090                disk_write
 .text.my_assert_func
                0x2000e0c2        0x6 uMIPS/CMakeFiles/pico-uMIPS.dir/__/no-OS-FatFS-SD-SPI-RPi-Pico/src/source/my_debug.c.obj
                0x2000e0c2                my_assert_func
 .text.get_fattime
                0x2000e0c8       0x6c uMIPS/CMakeFiles/pico-uMIPS.dir/__/no-OS-FatFS-SD-SPI-RPi-Pico/src/source/rtc.c.obj
                0x2000e0c8                get_fattime
 .text.dma_claim_unused_channel
                0x2000e134       0x20 uMIPS/CMakeFiles/pico-uMIPS.dir/E_/rp2040/pico-sdk/src/rp2_common/hardware_dma/dma.c.obj
                0x2000e134                dma_claim_unused_channel
 .text._pio_can_add_program_at_offset
                0x2000e154       0x3c uMIPS/CMakeFiles/pico-uMIPS.dir/E_/rp2040/pico-sdk/src/rp2_common/hardware_pio/pio.c.obj
 .text._pio_find_offset_for_program
                0x2000e190       0x7c uMIPS/CMakeFiles/pico-uMIPS.dir/E_/rp2040/pico-sdk/src/rp2_common/hardware_pio/pio.c.obj
 .text._pio_add_program_at_offset
                0x2000e20c       0x78 uMIPS/CMakeFiles/pico-uMIPS.dir/E_/rp2040/pico-sdk/src/rp2_common/hardware_pio/pio.c.obj
 .text.pio_claim_unused_sm
                0x2000e284       0x3c uMIPS/CMakeFiles/pico-uMIPS.dir/E_/rp2040/pico-sdk/src/rp2_common/hardware_pio/pio.c.obj
                0x2000e284                pio_claim_unused_sm
 .text.pio_add_program
                0x2000e2c0       0x38 uMIPS/CMakeFiles/pico-uMIPS.dir/E_/rp2040/pico-sdk/src/rp2_common/hardware_pio/pio.c.obj
                0x2000e2c0                pio_add_program
 .text.pio_clear_instruction_memory
                0x2000e2f8       0x3c uMIPS/CMakeFiles/pico-uMIPS.dir/E_/rp2040/pico-sdk/src/rp2_common/hardware_pio/pio.c.obj
                0x2000e2f8                pio_clear_instruction_memory
 .text.pio_sm_set_consecutive_pindirs
                0x2000e334       0xa4 uMIPS/CMakeFiles/pico-uMIPS.dir/E_/rp2040/pico-sdk/src/rp2_common/hardware_pio/pio.c.obj
                0x2000e334                pio_sm_set_consecutive_pindirs
 .text.pio_sm_init
                0x2000e3d8       0xe4 uMIPS/CMakeFiles/pico-uMIPS.dir/E_/rp2040/pico-sdk/src/rp2_common/hardware_pio/pio.c.obj
                0x2000e3d8                pio_sm_init
 .text.rtc_running
                0x2000e4bc       0x10 uMIPS/CMakeFiles/pico-uMIPS.dir/E_/rp2040/pico-sdk/src/rp2_common/hardware_rtc/rtc.c.obj
                0x2000e4bc                rtc_running
 .text.rtc_get_datetime
                0x2000e4cc       0x4c uMIPS/CMakeFiles/pico-uMIPS.dir/E_/rp2040/pico-sdk/src/rp2_common/hardware_rtc/rtc.c.obj
                0x2000e4cc                rtc_get_datetime
 .text.spi_set_baudrate
                0x2000e518       0xcc uMIPS/CMakeFiles/pico-uMIPS.dir/E_/rp2040/pico-sdk/src/rp2_common/hardware_spi/spi.c.obj
                0x2000e518                spi_set_baudrate
 .text.spi_init
                0x2000e5e4       0x74 uMIPS/CMakeFiles/pico-uMIPS.dir/E_/rp2040/pico-sdk/src/rp2_common/hardware_spi/spi.c.obj
                0x2000e5e4                spi_init
 .text.SystemCoreClockUpdate
                0x2000e658       0x14 uMIPS/CMakeFiles/pico-uMIPS.dir/E_/rp2040/pico-sdk/src/rp2_common/cmsis/stub/CMSIS/Device/RaspberryPi/RP2040/Source/system_RP2040.c.obj
                0x2000e658                SystemCoreClockUpdate
 .text.SystemInit
                0x2000e66c        0x8 uMIPS/CMakeFiles/pico-uMIPS.dir/E_/rp2040/pico-sdk/src/rp2_common/cmsis/stub/CMSIS/Device/RaspberryPi/RP2040/Source/system_RP2040.c.obj
                0x2000e66c                SystemInit
 .text.core1_trampoline
                0x2000e674        0x2 uMIPS/CMakeFiles/pico-uMIPS.dir/E_/rp2040/pico-sdk/src/rp2_common/pico_multicore/multicore.c.obj
 .text.core1_wrapper
                0x2000e676        0xc uMIPS/CMakeFiles/pico-uMIPS.dir/E_/rp2040/pico-sdk/src/rp2_common/pico_multicore/multicore.c.obj
                0x2000e676                core1_wrapper
 .text.multicore_fifo_push_blocking
                0x2000e682       0x14 uMIPS/CMakeFiles/pico-uMIPS.dir/E_/rp2040/pico-sdk/src/rp2_common/pico_multicore/multicore.c.obj
                0x2000e682                multicore_fifo_push_blocking
 .text.multicore_fifo_pop_blocking
                0x2000e696       0x16 uMIPS/CMakeFiles/pico-uMIPS.dir/E_/rp2040/pico-sdk/src/rp2_common/pico_multicore/multicore.c.obj
                0x2000e696                multicore_fifo_pop_blocking
 .text.multicore_reset_core1
                0x2000e6ac       0x28 uMIPS/CMakeFiles/pico-uMIPS.dir/E_/rp2040/pico-sdk/src/rp2_common/pico_multicore/multicore.c.obj
                0x2000e6ac                multicore_reset_core1
 .text.multicore_launch_core1_raw
                0x2000e6d4       0x6e uMIPS/CMakeFiles/pico-uMIPS.dir/E_/rp2040/pico-sdk/src/rp2_common/pico_multicore/multicore.c.obj
                0x2000e6d4                multicore_launch_core1_raw
 *fill*         0x2000e742        0x2 
 .text.multicore_launch_core1_with_stack
                0x2000e744       0x50 uMIPS/CMakeFiles/pico-uMIPS.dir/E_/rp2040/pico-sdk/src/rp2_common/pico_multicore/multicore.c.obj
                0x2000e744                multicore_launch_core1_with_stack
 .text.multicore_launch_core1
                0x2000e794       0x24 uMIPS/CMakeFiles/pico-uMIPS.dir/E_/rp2040/pico-sdk/src/rp2_common/pico_multicore/multicore.c.obj
                0x2000e794                multicore_launch_core1
 .text          0x2000e7b8       0x14 e:/rp2040/gcc-arm-none-eabi/bin/../lib/gcc/arm-none-eabi/10.3.1/thumb/v6-m/nofp\libgcc.a(_thumb1_case_uqi.o)
                0x2000e7b8                __gnu_thumb1_case_uqi
 .text          0x2000e7cc        0x4 e:/rp2040/gcc-arm-none-eabi/bin/../lib/gcc/arm-none-eabi/10.3.1/thumb/v6-m/nofp\libgcc.a(_dvmd_tls.o)
                0x2000e7cc                __aeabi_idiv0
                0x2000e7cc                __aeabi_ldiv0
 .text.calloc   0x2000e7d0       0x18 e:/rp2040/gcc-arm-none-eabi/bin/../lib/gcc/arm-none-eabi/10.3.1/../../../../arm-none-eabi/lib/thumb/v6-m/nofp\libg.a(lib_a-calloc.o)
                0x2000e7d0                calloc
 .text._calloc_r
                0x2000e7e8       0x9c e:/rp2040/gcc-arm-none-eabi/bin/../lib/gcc/arm-none-eabi/10.3.1/../../../../arm-none-eabi/lib/thumb/v6-m/nofp\libg.a(lib_a-callocr.o)
                0x2000e7e8                _calloc_r
 .text.__errno  0x2000e884        0xc e:/rp2040/gcc-arm-none-eabi/bin/../lib/gcc/arm-none-eabi/10.3.1/../../../../arm-none-eabi/lib/thumb/v6-m/nofp\libg.a(lib_a-errno.o)
                0x2000e884                __errno
 .text.fprintf  0x2000e890       0x24 e:/rp2040/gcc-arm-none-eabi/bin/../lib/gcc/arm-none-eabi/10.3.1/../../../../arm-none-eabi/lib/thumb/v6-m/nofp\libg.a(lib_a-fprintf.o)
                0x2000e890                fprintf
 .text._fwrite_r
                0x2000e8b4       0xb0 e:/rp2040/gcc-arm-none-eabi/bin/../lib/gcc/arm-none-eabi/10.3.1/../../../../arm-none-eabi/lib/thumb/v6-m/nofp\libg.a(lib_a-fwrite.o)
                0x2000e8b4                _fwrite_r
 .text.fwrite   0x2000e964       0x20 e:/rp2040/gcc-arm-none-eabi/bin/../lib/gcc/arm-none-eabi/10.3.1/../../../../arm-none-eabi/lib/thumb/v6-m/nofp\libg.a(lib_a-fwrite.o)
                0x2000e964                fwrite
 .text.__retarget_lock_init_recursive
                0x2000e984        0x4 e:/rp2040/gcc-arm-none-eabi/bin/../lib/gcc/arm-none-eabi/10.3.1/../../../../arm-none-eabi/lib/thumb/v6-m/nofp\libg.a(lib_a-lock.o)
                0x2000e984                __retarget_lock_init_recursive
 .text.__retarget_lock_close_recursive
                0x2000e988        0x4 e:/rp2040/gcc-arm-none-eabi/bin/../lib/gcc/arm-none-eabi/10.3.1/../../../../arm-none-eabi/lib/thumb/v6-m/nofp\libg.a(lib_a-lock.o)
                0x2000e988                __retarget_lock_close_recursive
 .text.__retarget_lock_acquire_recursive
                0x2000e98c        0x4 e:/rp2040/gcc-arm-none-eabi/bin/../lib/gcc/arm-none-eabi/10.3.1/../../../../arm-none-eabi/lib/thumb/v6-m/nofp\libg.a(lib_a-lock.o)
                0x2000e98c                __retarget_lock_acquire_recursive
 .text.__retarget_lock_release_recursive
                0x2000e990        0x4 e:/rp2040/gcc-arm-none-eabi/bin/../lib/gcc/arm-none-eabi/10.3.1/../../../../arm-none-eabi/lib/thumb/v6-m/nofp\libg.a(lib_a-lock.o)
                0x2000e990                __retarget_lock_release_recursive
 .text.malloc   0x2000e994       0x14 e:/rp2040/gcc-arm-none-eabi/bin/../lib/gcc/arm-none-eabi/10.3.1/../../../../arm-none-eabi/lib/thumb/v6-m/nofp\libg.a(lib_a-malloc.o)
                0x2000e994                malloc
 .text.free     0x2000e9a8       0x14 e:/rp2040/gcc-arm-none-eabi/bin/../lib/gcc/arm-none-eabi/10.3.1/../../../../arm-none-eabi/lib/thumb/v6-m/nofp\libg.a(lib_a-malloc.o)
                0x2000e9a8                free
 .text._malloc_r
                0x2000e9bc      0x584 e:/rp2040/gcc-arm-none-eabi/bin/../lib/gcc/arm-none-eabi/10.3.1/../../../../arm-none-eabi/lib/thumb/v6-m/nofp\libg.a(lib_a-mallocr.o)
                0x2000e9bc                _malloc_r
 .text.memcmp   0x2000ef40       0x48 e:/rp2040/gcc-arm-none-eabi/bin/../lib/gcc/arm-none-eabi/10.3.1/../../../../arm-none-eabi/lib/thumb/v6-m/nofp\libg.a(lib_a-memcmp.o)
                0x2000ef40                memcmp
 .text.__malloc_lock
                0x2000ef88       0x10 e:/rp2040/gcc-arm-none-eabi/bin/../lib/gcc/arm-none-eabi/10.3.1/../../../../arm-none-eabi/lib/thumb/v6-m/nofp\libg.a(lib_a-mlock.o)
                0x2000ef88                __malloc_lock
 .text.__malloc_unlock
                0x2000ef98       0x10 e:/rp2040/gcc-arm-none-eabi/bin/../lib/gcc/arm-none-eabi/10.3.1/../../../../arm-none-eabi/lib/thumb/v6-m/nofp\libg.a(lib_a-mlock.o)
                0x2000ef98                __malloc_unlock
 .text._realloc_r
                0x2000efa8      0x354 e:/rp2040/gcc-arm-none-eabi/bin/../lib/gcc/arm-none-eabi/10.3.1/../../../../arm-none-eabi/lib/thumb/v6-m/nofp\libg.a(lib_a-reallocr.o)
                0x2000efa8                _realloc_r
 .text._sbrk_r  0x2000f2fc       0x24 e:/rp2040/gcc-arm-none-eabi/bin/../lib/gcc/arm-none-eabi/10.3.1/../../../../arm-none-eabi/lib/thumb/v6-m/nofp\libg.a(lib_a-sbrkr.o)
                0x2000f2fc                _sbrk_r
 .text.strchr   0x2000f320       0xc0 e:/rp2040/gcc-arm-none-eabi/bin/../lib/gcc/arm-none-eabi/10.3.1/../../../../arm-none-eabi/lib/thumb/v6-m/nofp\libg.a(lib_a-strchr.o)
                0x2000f320                strchr
 .text.strlen   0x2000f3e0       0x5c e:/rp2040/gcc-arm-none-eabi/bin/../lib/gcc/arm-none-eabi/10.3.1/../../../../arm-none-eabi/lib/thumb/v6-m/nofp\libg.a(lib_a-strlen-stub.o)
                0x2000f3e0                strlen
 .text.strncpy  0x2000f43c       0x6c e:/rp2040/gcc-arm-none-eabi/bin/../lib/gcc/arm-none-eabi/10.3.1/../../../../arm-none-eabi/lib/thumb/v6-m/nofp\libg.a(lib_a-strncpy.o)
                0x2000f43c                strncpy
 .text._vfprintf_r
                0x2000f4a8     0x1c44 e:/rp2040/gcc-arm-none-eabi/bin/../lib/gcc/arm-none-eabi/10.3.1/../../../../arm-none-eabi/lib/thumb/v6-m/nofp\libg.a(lib_a-vfprintf.o)
                0x2000f4a8                _vfprintf_r
 .text.__sbprintf
                0x200110ec       0x8c e:/rp2040/gcc-arm-none-eabi/bin/../lib/gcc/arm-none-eabi/10.3.1/../../../../arm-none-eabi/lib/thumb/v6-m/nofp\libg.a(lib_a-vfprintf.o)
 .text.vsprintf
                0x20011178       0x38 e:/rp2040/gcc-arm-none-eabi/bin/../lib/gcc/arm-none-eabi/10.3.1/../../../../arm-none-eabi/lib/thumb/v6-m/nofp\libg.a(lib_a-vsprintf.o)
                0x20011178                vsprintf
 .text.__swsetup_r
                0x200111b0       0xdc e:/rp2040/gcc-arm-none-eabi/bin/../lib/gcc/arm-none-eabi/10.3.1/../../../../arm-none-eabi/lib/thumb/v6-m/nofp\libg.a(lib_a-wsetup.o)
                0x200111b0                __swsetup_r
 .text.quorem   0x2001128c      0x148 e:/rp2040/gcc-arm-none-eabi/bin/../lib/gcc/arm-none-eabi/10.3.1/../../../../arm-none-eabi/lib/thumb/v6-m/nofp\libg.a(lib_a-dtoa.o)
 .text._dtoa_r  0x200113d4      0xfbc e:/rp2040/gcc-arm-none-eabi/bin/../lib/gcc/arm-none-eabi/10.3.1/../../../../arm-none-eabi/lib/thumb/v6-m/nofp\libg.a(lib_a-dtoa.o)
                0x200113d4                _dtoa_r
 .text.__sflush_r
                0x20012390      0x140 e:/rp2040/gcc-arm-none-eabi/bin/../lib/gcc/arm-none-eabi/10.3.1/../../../../arm-none-eabi/lib/thumb/v6-m/nofp\libg.a(lib_a-fflush.o)
                0x20012390                __sflush_r
 .text._fflush_r
                0x200124d0       0x6c e:/rp2040/gcc-arm-none-eabi/bin/../lib/gcc/arm-none-eabi/10.3.1/../../../../arm-none-eabi/lib/thumb/v6-m/nofp\libg.a(lib_a-fflush.o)
                0x200124d0                _fflush_r
 .text._cleanup_r
                0x2001253c       0x10 e:/rp2040/gcc-arm-none-eabi/bin/../lib/gcc/arm-none-eabi/10.3.1/../../../../arm-none-eabi/lib/thumb/v6-m/nofp\libg.a(lib_a-findfp.o)
                0x2001253c                _cleanup_r
 .text.__sinit  0x2001254c      0x120 e:/rp2040/gcc-arm-none-eabi/bin/../lib/gcc/arm-none-eabi/10.3.1/../../../../arm-none-eabi/lib/thumb/v6-m/nofp\libg.a(lib_a-findfp.o)
                0x2001254c                __sinit
 .text.__sfp_lock_acquire
                0x2001266c       0x10 e:/rp2040/gcc-arm-none-eabi/bin/../lib/gcc/arm-none-eabi/10.3.1/../../../../arm-none-eabi/lib/thumb/v6-m/nofp\libg.a(lib_a-findfp.o)
                0x2001266c                __sfp_lock_acquire
 .text.__sfp_lock_release
                0x2001267c       0x10 e:/rp2040/gcc-arm-none-eabi/bin/../lib/gcc/arm-none-eabi/10.3.1/../../../../arm-none-eabi/lib/thumb/v6-m/nofp\libg.a(lib_a-findfp.o)
                0x2001267c                __sfp_lock_release
 .text._malloc_trim_r
                0x2001268c       0x9c e:/rp2040/gcc-arm-none-eabi/bin/../lib/gcc/arm-none-eabi/10.3.1/../../../../arm-none-eabi/lib/thumb/v6-m/nofp\libg.a(lib_a-freer.o)
                0x2001268c                _malloc_trim_r
 .text._free_r  0x20012728      0x1c4 e:/rp2040/gcc-arm-none-eabi/bin/../lib/gcc/arm-none-eabi/10.3.1/../../../../arm-none-eabi/lib/thumb/v6-m/nofp\libg.a(lib_a-freer.o)
                0x20012728                _free_r
 .text.__sfvwrite_r
                0x200128ec      0x2f4 e:/rp2040/gcc-arm-none-eabi/bin/../lib/gcc/arm-none-eabi/10.3.1/../../../../arm-none-eabi/lib/thumb/v6-m/nofp\libg.a(lib_a-fvwrite.o)
                0x200128ec                __sfvwrite_r
 .text._fwalk_reent
                0x20012be0       0x48 e:/rp2040/gcc-arm-none-eabi/bin/../lib/gcc/arm-none-eabi/10.3.1/../../../../arm-none-eabi/lib/thumb/v6-m/nofp\libg.a(lib_a-fwalk.o)
                0x20012be0                _fwalk_reent
 .text._localeconv_r
                0x20012c28        0x8 e:/rp2040/gcc-arm-none-eabi/bin/../lib/gcc/arm-none-eabi/10.3.1/../../../../arm-none-eabi/lib/thumb/v6-m/nofp\libg.a(lib_a-localeconv.o)
                0x20012c28                _localeconv_r
 .text.__smakebuf_r
                0x20012c30       0xe4 e:/rp2040/gcc-arm-none-eabi/bin/../lib/gcc/arm-none-eabi/10.3.1/../../../../arm-none-eabi/lib/thumb/v6-m/nofp\libg.a(lib_a-makebuf.o)
                0x20012c30                __smakebuf_r
 .text.memchr   0x20012d14       0x74 e:/rp2040/gcc-arm-none-eabi/bin/../lib/gcc/arm-none-eabi/10.3.1/../../../../arm-none-eabi/lib/thumb/v6-m/nofp\libg.a(lib_a-memchr-stub.o)
                0x20012d14                memchr
 .text.memmove  0x20012d88       0xac e:/rp2040/gcc-arm-none-eabi/bin/../lib/gcc/arm-none-eabi/10.3.1/../../../../arm-none-eabi/lib/thumb/v6-m/nofp\libg.a(lib_a-memmove.o)
                0x20012d88                memmove
 .text._Balloc  0x20012e34       0x50 e:/rp2040/gcc-arm-none-eabi/bin/../lib/gcc/arm-none-eabi/10.3.1/../../../../arm-none-eabi/lib/thumb/v6-m/nofp\libg.a(lib_a-mprec.o)
                0x20012e34                _Balloc
 .text._Bfree   0x20012e84       0x14 e:/rp2040/gcc-arm-none-eabi/bin/../lib/gcc/arm-none-eabi/10.3.1/../../../../arm-none-eabi/lib/thumb/v6-m/nofp\libg.a(lib_a-mprec.o)
                0x20012e84                _Bfree
 .text.__multadd
                0x20012e98       0xa8 e:/rp2040/gcc-arm-none-eabi/bin/../lib/gcc/arm-none-eabi/10.3.1/../../../../arm-none-eabi/lib/thumb/v6-m/nofp\libg.a(lib_a-mprec.o)
                0x20012e98                __multadd
 .text.__hi0bits
                0x20012f40       0x38 e:/rp2040/gcc-arm-none-eabi/bin/../lib/gcc/arm-none-eabi/10.3.1/../../../../arm-none-eabi/lib/thumb/v6-m/nofp\libg.a(lib_a-mprec.o)
                0x20012f40                __hi0bits
 .text.__lo0bits
                0x20012f78       0x5c e:/rp2040/gcc-arm-none-eabi/bin/../lib/gcc/arm-none-eabi/10.3.1/../../../../arm-none-eabi/lib/thumb/v6-m/nofp\libg.a(lib_a-mprec.o)
                0x20012f78                __lo0bits
 .text.__i2b    0x20012fd4       0x60 e:/rp2040/gcc-arm-none-eabi/bin/../lib/gcc/arm-none-eabi/10.3.1/../../../../arm-none-eabi/lib/thumb/v6-m/nofp\libg.a(lib_a-mprec.o)
                0x20012fd4                __i2b
 .text.__multiply
                0x20013034      0x1a4 e:/rp2040/gcc-arm-none-eabi/bin/../lib/gcc/arm-none-eabi/10.3.1/../../../../arm-none-eabi/lib/thumb/v6-m/nofp\libg.a(lib_a-mprec.o)
                0x20013034                __multiply
 .text.__pow5mult
                0x200131d8       0xd8 e:/rp2040/gcc-arm-none-eabi/bin/../lib/gcc/arm-none-eabi/10.3.1/../../../../arm-none-eabi/lib/thumb/v6-m/nofp\libg.a(lib_a-mprec.o)
                0x200131d8                __pow5mult
 .text.__lshift
                0x200132b0       0xfc e:/rp2040/gcc-arm-none-eabi/bin/../lib/gcc/arm-none-eabi/10.3.1/../../../../arm-none-eabi/lib/thumb/v6-m/nofp\libg.a(lib_a-mprec.o)
                0x200132b0                __lshift
 .text.__mcmp   0x200133ac       0x34 e:/rp2040/gcc-arm-none-eabi/bin/../lib/gcc/arm-none-eabi/10.3.1/../../../../arm-none-eabi/lib/thumb/v6-m/nofp\libg.a(lib_a-mprec.o)
                0x200133ac                __mcmp
 .text.__mdiff  0x200133e0      0x18c e:/rp2040/gcc-arm-none-eabi/bin/../lib/gcc/arm-none-eabi/10.3.1/../../../../arm-none-eabi/lib/thumb/v6-m/nofp\libg.a(lib_a-mprec.o)
                0x200133e0                __mdiff
 .text.__d2b    0x2001356c       0xd8 e:/rp2040/gcc-arm-none-eabi/bin/../lib/gcc/arm-none-eabi/10.3.1/../../../../arm-none-eabi/lib/thumb/v6-m/nofp\libg.a(lib_a-mprec.o)
                0x2001356c                __d2b